Archive member included to satisfy reference by file (symbol)

c:/program files (x86)/arm gnu toolchain arm-none-eabi/12.2 rel1/bin/../lib/gcc/arm-none-eabi/12.2.1/thumb/v8-m.main+dp/hard\libg_nano.a(libc_a-exit.o)
                              c:/program files (x86)/arm gnu toolchain arm-none-eabi/12.2 rel1/bin/../lib/gcc/arm-none-eabi/12.2.1/thumb/v8-m.main+dp/hard/crt0.o (exit)
c:/program files (x86)/arm gnu toolchain arm-none-eabi/12.2 rel1/bin/../lib/gcc/arm-none-eabi/12.2.1/thumb/v8-m.main+dp/hard\libg_nano.a(libc_a-rand.o)
                              ./src/app_common.o (rand)
c:/program files (x86)/arm gnu toolchain arm-none-eabi/12.2 rel1/bin/../lib/gcc/arm-none-eabi/12.2.1/thumb/v8-m.main+dp/hard\libg_nano.a(libc_a-findfp.o)
                              c:/program files (x86)/arm gnu toolchain arm-none-eabi/12.2 rel1/bin/../lib/gcc/arm-none-eabi/12.2.1/thumb/v8-m.main+dp/hard\libg_nano.a(libc_a-exit.o) (__stdio_exit_handler)
c:/program files (x86)/arm gnu toolchain arm-none-eabi/12.2 rel1/bin/../lib/gcc/arm-none-eabi/12.2.1/thumb/v8-m.main+dp/hard\libg_nano.a(libc_a-fwalk.o)
                              c:/program files (x86)/arm gnu toolchain arm-none-eabi/12.2 rel1/bin/../lib/gcc/arm-none-eabi/12.2.1/thumb/v8-m.main+dp/hard\libg_nano.a(libc_a-findfp.o) (_fwalk_sglue)
c:/program files (x86)/arm gnu toolchain arm-none-eabi/12.2 rel1/bin/../lib/gcc/arm-none-eabi/12.2.1/thumb/v8-m.main+dp/hard\libg_nano.a(libc_a-printf.o)
                              ./src/g_data_processing_thread_entry.o (printf)
c:/program files (x86)/arm gnu toolchain arm-none-eabi/12.2 rel1/bin/../lib/gcc/arm-none-eabi/12.2.1/thumb/v8-m.main+dp/hard\libg_nano.a(libc_a-puts.o)
                              ./src/app_common.o (puts)
c:/program files (x86)/arm gnu toolchain arm-none-eabi/12.2 rel1/bin/../lib/gcc/arm-none-eabi/12.2.1/thumb/v8-m.main+dp/hard\libg_nano.a(libc_a-stdio.o)
                              c:/program files (x86)/arm gnu toolchain arm-none-eabi/12.2 rel1/bin/../lib/gcc/arm-none-eabi/12.2.1/thumb/v8-m.main+dp/hard\libg_nano.a(libc_a-findfp.o) (__sread)
c:/program files (x86)/arm gnu toolchain arm-none-eabi/12.2 rel1/bin/../lib/gcc/arm-none-eabi/12.2.1/thumb/v8-m.main+dp/hard\libg_nano.a(libc_a-wbuf.o)
                              c:/program files (x86)/arm gnu toolchain arm-none-eabi/12.2 rel1/bin/../lib/gcc/arm-none-eabi/12.2.1/thumb/v8-m.main+dp/hard\libg_nano.a(libc_a-puts.o) (__swbuf_r)
c:/program files (x86)/arm gnu toolchain arm-none-eabi/12.2 rel1/bin/../lib/gcc/arm-none-eabi/12.2.1/thumb/v8-m.main+dp/hard\libg_nano.a(libc_a-wsetup.o)
                              c:/program files (x86)/arm gnu toolchain arm-none-eabi/12.2 rel1/bin/../lib/gcc/arm-none-eabi/12.2.1/thumb/v8-m.main+dp/hard\libg_nano.a(libc_a-puts.o) (__swsetup_r)
c:/program files (x86)/arm gnu toolchain arm-none-eabi/12.2 rel1/bin/../lib/gcc/arm-none-eabi/12.2.1/thumb/v8-m.main+dp/hard\libg_nano.a(libc_a-memset.o)
                              c:/program files (x86)/arm gnu toolchain arm-none-eabi/12.2 rel1/bin/../lib/gcc/arm-none-eabi/12.2.1/thumb/v8-m.main+dp/hard/crt0.o (memset)
c:/program files (x86)/arm gnu toolchain arm-none-eabi/12.2 rel1/bin/../lib/gcc/arm-none-eabi/12.2.1/thumb/v8-m.main+dp/hard\libg_nano.a(libc_a-closer.o)
                              c:/program files (x86)/arm gnu toolchain arm-none-eabi/12.2 rel1/bin/../lib/gcc/arm-none-eabi/12.2.1/thumb/v8-m.main+dp/hard\libg_nano.a(libc_a-stdio.o) (_close_r)
c:/program files (x86)/arm gnu toolchain arm-none-eabi/12.2 rel1/bin/../lib/gcc/arm-none-eabi/12.2.1/thumb/v8-m.main+dp/hard\libg_nano.a(libc_a-reent.o)
                              c:/program files (x86)/arm gnu toolchain arm-none-eabi/12.2 rel1/bin/../lib/gcc/arm-none-eabi/12.2.1/thumb/v8-m.main+dp/hard\libg_nano.a(libc_a-closer.o) (errno)
c:/program files (x86)/arm gnu toolchain arm-none-eabi/12.2 rel1/bin/../lib/gcc/arm-none-eabi/12.2.1/thumb/v8-m.main+dp/hard\libg_nano.a(libc_a-impure.o)
                              c:/program files (x86)/arm gnu toolchain arm-none-eabi/12.2 rel1/bin/../lib/gcc/arm-none-eabi/12.2.1/thumb/v8-m.main+dp/hard\libg_nano.a(libc_a-rand.o) (_impure_ptr)
c:/program files (x86)/arm gnu toolchain arm-none-eabi/12.2 rel1/bin/../lib/gcc/arm-none-eabi/12.2.1/thumb/v8-m.main+dp/hard\libg_nano.a(libc_a-lseekr.o)
                              c:/program files (x86)/arm gnu toolchain arm-none-eabi/12.2 rel1/bin/../lib/gcc/arm-none-eabi/12.2.1/thumb/v8-m.main+dp/hard\libg_nano.a(libc_a-stdio.o) (_lseek_r)
c:/program files (x86)/arm gnu toolchain arm-none-eabi/12.2 rel1/bin/../lib/gcc/arm-none-eabi/12.2.1/thumb/v8-m.main+dp/hard\libg_nano.a(libc_a-readr.o)
                              c:/program files (x86)/arm gnu toolchain arm-none-eabi/12.2 rel1/bin/../lib/gcc/arm-none-eabi/12.2.1/thumb/v8-m.main+dp/hard\libg_nano.a(libc_a-stdio.o) (_read_r)
[...]
Memory Configuration

Name             Origin             Length             Attributes
RAM              0x22000000         0x000e0000         xrw
FLASH            0x02000000         0x001f8000         xr
DATA_FLASH       0x27000000         0x00003000         xr
SDRAM            0x68000000         0x08000000         xrw
OSPI0_CS0        0x80000000         0x10000000         xrw
OSPI0_CS1        0x90000000         0x10000000         xr
OPTION_SETTING_OFS0 0x0300a100         0x00000004         r
OPTION_SETTING_OFS2 0x0300a104         0x00000004         r
OPTION_SETTING_DUALSEL 0x0300a110         0x00000004         r
OPTION_SETTING_OFS1 0x1300a180         0x00000004         r
OPTION_SETTING_BANKSEL 0x1300a190         0x00000004         r
OPTION_SETTING_BPS 0x1300a1c0         0x00000010         r
OPTION_SETTING_PBPS 0x1300a1e0         0x00000010         r
OPTION_SETTING_OFS1_SEC 0x0300a200         0x00000004         r
OPTION_SETTING_BANKSEL_SEC 0x0300a210         0x00000004         r
OPTION_SETTING_BPS_SEC 0x0300a240         0x00000010         r
OPTION_SETTING_PBPS_SEC 0x0300a260         0x00000010         r
OPTION_SETTING_OFS1_SEL 0x0300a280         0x00000004         r
OPTION_SETTING_BANKSEL_SEL 0x0300a290         0x00000004         r
OPTION_SETTING_BPS_SEL 0x0300a2c0         0x00000010         r
ITCM             0x00000000         0x00010000         xrw
DTCM             0x20000000         0x00010000         xrw
*default*        0x00000000         0xffffffff

Linker script and memory map

LOAD c:/program files (x86)/arm gnu toolchain arm-none-eabi/12.2 rel1/bin/../lib/gcc/arm-none-eabi/12.2.1/thumb/v8-m.main+dp/hard/crti.o
LOAD c:/program files (x86)/arm gnu toolchain arm-none-eabi/12.2 rel1/bin/../lib/gcc/arm-none-eabi/12.2.1/thumb/v8-m.main+dp/hard/crtbegin.o
LOAD c:/program files (x86)/arm gnu toolchain arm-none-eabi/12.2 rel1/bin/../lib/gcc/arm-none-eabi/12.2.1/thumb/v8-m.main+dp/hard/crt0.o
START GROUP
LOAD ./src/app_common.o
LOAD ./src/g_data_processing_thread_entry.o
LOAD ./src/g_graphics_update_thread_entry.o
LOAD ./src/g_sensor_acquisition_thread_entry.o
LOAD ./src/hal_entry.o
LOAD ./ra_gen/common_data.o
LOAD ./ra_gen/g_data_processing_thread.o
LOAD ./ra_gen/g_graphics_update_thread.o
LOAD ./ra_gen/g_sensor_acquisition_thread.o
LOAD ./ra_gen/hal_data.o
LOAD ./ra_gen/main.o
LOAD ./ra_gen/pin_data.o
LOAD ./ra_gen/vector_data.o
LOAD ./ra/fsp/src/rm_freertos_port/port.o
LOAD ./ra/fsp/src/r_ioport/r_ioport.o
LOAD ./ra/fsp/src/bsp/mcu/ra8d1/bsp_linker.o
LOAD ./ra/fsp/src/bsp/mcu/all/bsp_clocks.o
LOAD ./ra/fsp/src/bsp/mcu/all/bsp_common.o
LOAD ./ra/fsp/src/bsp/mcu/all/bsp_delay.o
LOAD ./ra/fsp/src/bsp/mcu/all/bsp_group_irq.o
LOAD ./ra/fsp/src/bsp/mcu/all/bsp_guard.o
LOAD ./ra/fsp/src/bsp/mcu/all/bsp_io.o
LOAD ./ra/fsp/src/bsp/mcu/all/bsp_ipc.o
LOAD ./ra/fsp/src/bsp/mcu/all/bsp_irq.o
LOAD ./ra/fsp/src/bsp/mcu/all/bsp_macl.o
LOAD ./ra/fsp/src/bsp/mcu/all/bsp_register_protection.o
LOAD ./ra/fsp/src/bsp/mcu/all/bsp_sbrk.o
LOAD ./ra/fsp/src/bsp/mcu/all/bsp_sdram.o
LOAD ./ra/fsp/src/bsp/mcu/all/bsp_security.o
LOAD ./ra/fsp/src/bsp/cmsis/Device/RENESAS/Source/startup.o
LOAD ./ra/fsp/src/bsp/cmsis/Device/RENESAS/Source/system.o
LOAD ./ra/board/ra8d1_ek/board_init.o
LOAD ./ra/board/ra8d1_ek/board_leds.o
LOAD ./ra/aws/FreeRTOS/FreeRTOS/Source/event_groups.o
LOAD ./ra/aws/FreeRTOS/FreeRTOS/Source/list.o
LOAD ./ra/aws/FreeRTOS/FreeRTOS/Source/queue.o
LOAD ./ra/aws/FreeRTOS/FreeRTOS/Source/stream_buffer.o
LOAD ./ra/aws/FreeRTOS/FreeRTOS/Source/tasks.o
LOAD ./ra/aws/FreeRTOS/FreeRTOS/Source/timers.o
END GROUP
START GROUP
LOAD c:/program files (x86)/arm gnu toolchain arm-none-eabi/12.2 rel1/bin/../lib/gcc/arm-none-eabi/12.2.1/thumb/v8-m.main+dp/hard\libgcc.a
LOAD c:/program files (x86)/arm gnu toolchain arm-none-eabi/12.2 rel1/bin/../lib/gcc/arm-none-eabi/12.2.1/thumb/v8-m.main+dp/hard\libg_nano.a
LOAD c:/program files (x86)/arm gnu toolchain arm-none-eabi/12.2 rel1/bin/../lib/gcc/arm-none-eabi/12.2.1/thumb/v8-m.main+dp/hard\libc_nano.a
END GROUP
START GROUP
LOAD c:/program files (x86)/arm gnu toolchain arm-none-eabi/12.2 rel1/bin/../lib/gcc/arm-none-eabi/12.2.1/thumb/v8-m.main+dp/hard\libgcc.a
LOAD c:/program files (x86)/arm gnu toolchain arm-none-eabi/12.2 rel1/bin/../lib/gcc/arm-none-eabi/12.2.1/thumb/v8-m.main+dp/hard\libc_nano.a
END GROUP
LOAD c:/program files (x86)/arm gnu toolchain arm-none-eabi/12.2 rel1/bin/../lib/gcc/arm-none-eabi/12.2.1/thumb/v8-m.main+dp/hard/crtend.o
LOAD c:/program files (x86)/arm gnu toolchain arm-none-eabi/12.2 rel1/bin/../lib/gcc/arm-none-eabi/12.2.1/thumb/v8-m.main+dp/hard/crtn.o
                0x22000000                RAM_START = 0x22000000
                0x000e0000                RAM_LENGTH = 0xe0000
                0x02000000                FLASH_START = 0x2000000
                0x001f8000                FLASH_LENGTH = 0x1f8000
                0x27000000                DATA_FLASH_START = 0x27000000
                0x00003000                DATA_FLASH_LENGTH = 0x3000
                0x68000000                SDRAM_START = 0x68000000
                0x08000000                SDRAM_LENGTH = 0x8000000
                0x80000000                OSPI0_CS0_START = 0x80000000
                0x10000000                OSPI0_CS0_LENGTH = 0x10000000
                0x90000000                OSPI0_CS1_START = 0x90000000
                0x10000000                OSPI0_CS1_LENGTH = 0x10000000
                0x0300a100                OPTION_SETTING_OFS0_START = 0x300a100
                0x00000004                OPTION_SETTING_OFS0_LENGTH = 0x4
                0x0300a104                OPTION_SETTING_OFS2_START = 0x300a104
                0x00000004                OPTION_SETTING_OFS2_LENGTH = 0x4
                0x0300a110                OPTION_SETTING_DUALSEL_START = 0x300a110
                0x00000004                OPTION_SETTING_DUALSEL_LENGTH = 0x4
                0x1300a180                OPTION_SETTING_OFS1_START = 0x1300a180
                0x00000004                OPTION_SETTING_OFS1_LENGTH = 0x4
                0x1300a190                OPTION_SETTING_BANKSEL_START = 0x1300a190
                0x00000004                OPTION_SETTING_BANKSEL_LENGTH = 0x4
                0x1300a1c0                OPTION_SETTING_BPS_START = 0x1300a1c0
                0x00000010                OPTION_SETTING_BPS_LENGTH = 0x10
                0x1300a1e0                OPTION_SETTING_PBPS_START = 0x1300a1e0
                0x00000010                OPTION_SETTING_PBPS_LENGTH = 0x10
                0x0300a200                OPTION_SETTING_OFS1_SEC_START = 0x300a200
                0x00000004                OPTION_SETTING_OFS1_SEC_LENGTH = 0x4
                0x0300a210                OPTION_SETTING_BANKSEL_SEC_START = 0x300a210
                0x00000004                OPTION_SETTING_BANKSEL_SEC_LENGTH = 0x4
                0x0300a240                OPTION_SETTING_BPS_SEC_START = 0x300a240
                0x00000010                OPTION_SETTING_BPS_SEC_LENGTH = 0x10
                0x0300a260                OPTION_SETTING_PBPS_SEC_START = 0x300a260
                0x00000010                OPTION_SETTING_PBPS_SEC_LENGTH = 0x10
                0x0300a280                OPTION_SETTING_OFS1_SEL_START = 0x300a280
                0x00000004                OPTION_SETTING_OFS1_SEL_LENGTH = 0x4
                0x0300a290                OPTION_SETTING_BANKSEL_SEL_START = 0x300a290
                0x00000004                OPTION_SETTING_BANKSEL_SEL_LENGTH = 0x4
                0x0300a2c0                OPTION_SETTING_BPS_SEL_START = 0x300a2c0
                0x00000010                OPTION_SETTING_BPS_SEL_LENGTH = 0x10
                0x00000000                ITCM_START = 0x0
                0x00010000                ITCM_LENGTH = 0x10000
                0x20000000                DTCM_START = 0x20000000
                0x00010000                DTCM_LENGTH = 0x10000
START GROUP
LOAD c:/program files (x86)/arm gnu toolchain arm-none-eabi/12.2 rel1/bin/../lib/gcc/arm-none-eabi/12.2.1/thumb/v8-m.main+dp/hard\libgcc.a
LOAD c:/program files (x86)/arm gnu toolchain arm-none-eabi/12.2 rel1/bin/../lib/gcc/arm-none-eabi/12.2.1/thumb/v8-m.main+dp/hard\libc.a
LOAD c:/program files (x86)/arm gnu toolchain arm-none-eabi/12.2 rel1/bin/../lib/gcc/arm-none-eabi/12.2.1/thumb/v8-m.main+dp/hard\libm.a
END GROUP

.ospi0_cs1.startof
                0x90000000        0x0
                0x90000000                __ddsc_OSPI0_CS1_START = .

.sdram.startof  0x68000000        0x0
                0x68000000                __ddsc_SDRAM_START = .

__sdram_from_ospi0_cs1$$
                0x68000000        0x0 load address 0x90000000
                0x68000000                __sdram_from_ospi0_cs1$$Base = .
                0x90000000                __sdram_from_ospi0_cs1$$Load = LOADADDR (__sdram_from_ospi0_cs1$$)
 *(.sdram_from_ospi0_cs1)
 *(.sdram_code_from_ospi0_cs1)
                0x68000000                __sdram_from_ospi0_cs1$$Limit = .

.ospi0_cs0.startof
                0x80000000        0x0
                0x80000000                __ddsc_OSPI0_CS0_START = .

__ospi0_cs0_from_ospi0_cs1$$
                0x80000000        0x0 load address 0x90000000
                0x80000000                __ospi0_cs0_from_ospi0_cs1$$Base = .
                0x90000000                __ospi0_cs0_from_ospi0_cs1$$Load = LOADADDR (__ospi0_cs0_from_ospi0_cs1$$)
 *(.ospi0_cs0_from_ospi0_cs1)
 *(.ospi0_cs0_code_from_ospi0_cs1)
                0x80000000                __ospi0_cs0_from_ospi0_cs1$$Limit = .

.itcm.startof   0x00000000        0x0
                0x00000000                __ddsc_ITCM_START = .

__itcm_from_ospi0_cs1$$
                0x00000000        0x0 load address 0x90000000
                0x00000000                __itcm_from_ospi0_cs1$$Base = .
                0x90000000                __itcm_from_ospi0_cs1$$Load = LOADADDR (__itcm_from_ospi0_cs1$$)
 *(.itcm_from_ospi0_cs1)
 *(.itcm_code_from_ospi0_cs1)
                0x00000000                __itcm_from_ospi0_cs1$$Limit = .

.dtcm.startof   0x20000000        0x0
                0x20000000                __ddsc_DTCM_START = .

__dtcm_from_ospi0_cs1$$
                0x20000000        0x0 load address 0x90000000
                0x20000000                __dtcm_from_ospi0_cs1$$Base = .
                0x90000000                __dtcm_from_ospi0_cs1$$Load = LOADADDR (__dtcm_from_ospi0_cs1$$)
 *(.dtcm_from_ospi0_cs1)
 *(.dtcm_code_from_ospi0_cs1)
                0x20000000                __dtcm_from_ospi0_cs1$$Limit = .

.ram.startof    0x22000000        0x0
                0x22000000                __ddsc_RAM_START = .

__ram_dtc_vector$$
                0x22000000        0x0
                0x22000000                __ram_dtc_vector$$Base = .
 *(.fsp_dtc_vector_table)
                0x22000000                __ram_dtc_vector$$Limit = .

__ram_from_ospi0_cs1$$
                0x22000000        0x0 load address 0x90000000
                0x22000000                __ram_from_ospi0_cs1$$Base = .
                0x90000000                __ram_from_ospi0_cs1$$Load = LOADADDR (__ram_from_ospi0_cs1$$)
 *(.ram_from_ospi0_cs1)
 *(.ram_code_from_ospi0_cs1)
                0x22000000                __ram_from_ospi0_cs1$$Limit = .

__ospi0_cs1_readonly$$
                0x90000000        0x0
                0x90000000                __ospi0_cs1_readonly$$Base = .
 *(.ospi0_cs1)
 *(.ospi0_cs1_code)
                0x90000000                __ospi0_cs1_readonly$$Limit = .

__ospi0_cs1_noinit$$
                0x90000000        0x0
                0x90000000                __ospi0_cs1_noinit$$Base = .
 *(.ospi0_cs1_noinit)
                0x90000000                __ospi0_cs1_noinit$$Limit = .

.ospi0_cs1.endof
                0x90000000        0x0
                0x90000000                __ddsc_OSPI0_CS1_END = .

.data_flash.startof
                0x27000000        0x0
                0x27000000                __ddsc_DATA_FLASH_START = .

__sdram_from_data_flash$$
                0x68000000        0x0 load address 0x27000000
                0x68000000                __sdram_from_data_flash$$Base = .
                0x27000000                __sdram_from_data_flash$$Load = LOADADDR (__sdram_from_data_flash$$)
 *(.sdram_from_data_flash)
 *(.sdram_code_from_data_flash)
                0x68000000                __sdram_from_data_flash$$Limit = .

__ospi0_cs0_from_data_flash$$
                0x80000000        0x0 load address 0x27000000
                0x80000000                __ospi0_cs0_from_data_flash$$Base = .
                0x27000000                __ospi0_cs0_from_data_flash$$Load = LOADADDR (__ospi0_cs0_from_data_flash$$)
 *(.ospi0_cs0_from_data_flash)
 *(.ospi0_cs0_code_from_data_flash)
                0x80000000                __ospi0_cs0_from_data_flash$$Limit = .

__itcm_from_data_flash$$
                0x00000000        0x0 load address 0x27000000
                0x00000000                __itcm_from_data_flash$$Base = .
                0x27000000                __itcm_from_data_flash$$Load = LOADADDR (__itcm_from_data_flash$$)
 *(.itcm_from_data_flash)
 *(.itcm_code_from_data_flash)
                0x00000000                __itcm_from_data_flash$$Limit = .

__dtcm_from_data_flash$$
                0x20000000        0x0 load address 0x27000000
                0x20000000                __dtcm_from_data_flash$$Base = .
                0x27000000                __dtcm_from_data_flash$$Load = LOADADDR (__dtcm_from_data_flash$$)
 *(.dtcm_from_data_flash)
 *(.dtcm_code_from_data_flash)
                0x20000000                __dtcm_from_data_flash$$Limit = .

__ram_from_data_flash$$
                0x22000000        0x0 load address 0x27000000
                0x22000000                __ram_from_data_flash$$Base = .
                0x27000000                __ram_from_data_flash$$Load = LOADADDR (__ram_from_data_flash$$)
 *(.ram_from_data_flash)
 *(.ram_code_from_data_flash)
                0x22000000                __ram_from_data_flash$$Limit = .

__data_flash_readonly$$
                0x27000000        0x0
                0x27000000                __data_flash_readonly$$Base = .
 *(.data_flash)
 *(.data_flash_code)
                0x27000000                __data_flash_readonly$$Limit = .

__data_flash_noinit$$
                0x27000000        0x0
                0x27000000                __data_flash_noinit$$Base = .
 *(.data_flash_noinit)
                0x27000000                __data_flash_noinit$$Limit = .

.data_flash.endof
                0x27000000        0x0
                0x27000000                __ddsc_DATA_FLASH_END = .

.flash.startof  0x02000000        0x0
                0x02000000                __ddsc_FLASH_START = .

__flash_vectors$$
                0x02000000       0x40
                0x02000000                __flash_vectors$$Base = .
                0x02000000                _VECTORS = .
 *(.fixed_vectors)
 .fixed_vectors
                0x02000000       0x40 ./ra/fsp/src/bsp/cmsis/Device/RENESAS/Source/startup.o
                0x02000000                __Vectors
 *(.application_vectors)
                0x02000040                __flash_vectors$$Limit = .

__flash_noinit$$
                0x02000040        0x0
                0x02000040                __flash_noinit$$Base = .
 *(.flash_noinit)
                0x02000040                __flash_noinit$$Limit = .

__sdram_from_flash$$
                0x68000000        0x0 load address 0x02000040
                0x68000000                __sdram_from_flash$$Base = .
                0x02000040                __sdram_from_flash$$Load = LOADADDR (__sdram_from_flash$$)
 *(.sdram_from_flash)
 *(.sdram_code_from_flash)
                0x68000000                __sdram_from_flash$$Limit = .

__sdram_noinit_nocache$$
                0x68000000        0x0 load address 0x02000040
                0x68000000                __sdram_noinit_nocache$$Base = .
 *(.sdram_noinit_nocache)
                0x68000000                __sdram_noinit_nocache$$Limit = .

__sdram_zero_nocache$$
                0x68000000        0x0 load address 0x02000040
                0x68000000                __sdram_zero_nocache$$Base = .
 *(.sdram_nocache)
                0x68000000                . = ALIGN (0x20)
                0x68000000                __sdram_zero_nocache$$Limit = .

__sdram_noinit$$
                0x68000000        0x0 load address 0x02000040
                0x68000000                __sdram_noinit$$Base = .
 *(.sdram_noinit)
                0x68000000                __sdram_noinit$$Limit = .

__sdram_zero$$  0x68000000        0x0 load address 0x02000040
                0x68000000                __sdram_zero$$Base = .
 *(.sdram)
                0x68000000                __sdram_zero$$Limit = .

.sdram.endof    0x68000000        0x0
                0x68000000                __ddsc_SDRAM_END = .

__ospi0_cs0_from_flash$$
                0x80000000        0x0 load address 0x02000040
                0x80000000                __ospi0_cs0_from_flash$$Base = .
                0x02000040                __ospi0_cs0_from_flash$$Load = LOADADDR (__ospi0_cs0_from_flash$$)
 *(.ospi0_cs0_from_flash)
 *(.ospi0_cs0_code_from_flash)
                0x80000000                __ospi0_cs0_from_flash$$Limit = .

__ospi0_cs0_noinit_nocache$$
                0x80000000        0x0 load address 0x02000040
                0x80000000                __ospi0_cs0_noinit_nocache$$Base = .
 *(.ospi0_cs0_noinit_nocache)
                0x80000000                __ospi0_cs0_noinit_nocache$$Limit = .

__ospi0_cs0_zero_nocache$$
                0x80000000        0x0 load address 0x02000040
                0x80000000                __ospi0_cs0_zero_nocache$$Base = .
 *(.ospi0_cs0_nocache)
                0x80000000                . = ALIGN (0x20)
                0x80000000                __ospi0_cs0_zero_nocache$$Limit = .

__ospi0_cs0_noinit$$
                0x80000000        0x0 load address 0x02000040
                0x80000000                __ospi0_cs0_noinit$$Base = .
 *(.ospi0_cs0_noinit)
                0x80000000                __ospi0_cs0_noinit$$Limit = .

__ospi0_cs0_zero$$
                0x80000000        0x0 load address 0x02000040
                0x80000000                __ospi0_cs0_zero$$Base = .
 *(.ospi0_cs0)
                0x80000000                __ospi0_cs0_zero$$Limit = .

.ospi0_cs0.endof
                0x80000000        0x0
                0x80000000                __ddsc_OSPI0_CS0_END = .

__itcm_from_flash$$
                0x00000000        0x0 load address 0x02000040
                0x00000000                __itcm_from_flash$$Base = .
                0x02000040                __itcm_from_flash$$Load = LOADADDR (__itcm_from_flash$$)
 *(.itcm_from_flash)
 *(.itcm_code_from_flash)
                0x00000000                __itcm_from_flash$$Limit = .

__itcm_noinit$$
                0x00000000        0x0 load address 0x02000040
                0x00000000                __itcm_noinit$$Base = .
 *(.itcm_noinit)
                0x00000000                __itcm_noinit$$Limit = .

__itcm_zero$$   0x00000000        0x0 load address 0x02000040
                0x00000000                __itcm_zero$$Base = .
 *(.itcm)
                0x00000000                __itcm_zero$$Limit = .

.itcm.endof     0x00000000        0x0
                0x00000000                __ddsc_ITCM_END = .

__dtcm_from_flash$$
                0x20000000        0x0 load address 0x02000040
                0x20000000                __dtcm_from_flash$$Base = .
                0x02000040                __dtcm_from_flash$$Load = LOADADDR (__dtcm_from_flash$$)
 *(.dtcm_from_flash)
 *(.dtcm_code_from_flash)
                0x20000000                __dtcm_from_flash$$Limit = .

__dtcm_noinit$$
                0x20000000        0x0 load address 0x02000040
                0x20000000                __dtcm_noinit$$Base = .
 *(.dtcm_noinit)
                0x20000000                __dtcm_noinit$$Limit = .

__dtcm_zero$$   0x20000000        0x0 load address 0x02000040
                0x20000000                __dtcm_zero$$Base = .
 *(.dtcm)
                0x20000000                __dtcm_zero$$Limit = .

.dtcm.endof     0x20000000        0x0
                0x20000000                __ddsc_DTCM_END = .

__ram_from_flash$$
                0x22000000       0x60 load address 0x02000040
                0x22000000                __ram_from_flash$$Base = .
                0x02000040                __ram_from_flash$$Load = LOADADDR (__ram_from_flash$$)
 *(.ram_from_flash)
 *(.ram_code_from_flash)
 *(.data*)
 .data.uxTopUsedPriority
                0x22000000        0x4 ./ra/aws/FreeRTOS/FreeRTOS/Source/tasks.o
 .data.__sglue  0x22000004        0xc c:/program files (x86)/arm gnu toolchain arm-none-eabi/12.2 rel1/bin/../lib/gcc/arm-none-eabi/12.2.1/thumb/v8-m.main+dp/hard\libg_nano.a(libc_a-findfp.o)
                0x22000004                __sglue
 .data._impure_ptr
                0x22000010        0x4 c:/program files (x86)/arm gnu toolchain arm-none-eabi/12.2 rel1/bin/../lib/gcc/arm-none-eabi/12.2.1/thumb/v8-m.main+dp/hard\libg_nano.a(libc_a-impure.o)
                0x22000010                _impure_ptr
 .data._impure_data
                0x22000014       0x4c c:/program files (x86)/arm gnu toolchain arm-none-eabi/12.2 rel1/bin/../lib/gcc/arm-none-eabi/12.2.1/thumb/v8-m.main+dp/hard\libg_nano.a(libc_a-impure.o)
                0x22000014                _impure_data
 *(vtable)
                0x22000060                __ram_from_flash$$Limit = .

.tm_clone_table
                0x22000060        0x0 load address 0x020000a0
 .tm_clone_table
                0x22000060        0x0 c:/program files (x86)/arm gnu toolchain arm-none-eabi/12.2 rel1/bin/../lib/gcc/arm-none-eabi/12.2.1/thumb/v8-m.main+dp/hard/crtbegin.o
 .tm_clone_table
                0x22000060        0x0 c:/program files (x86)/arm gnu toolchain arm-none-eabi/12.2 rel1/bin/../lib/gcc/arm-none-eabi/12.2.1/thumb/v8-m.main+dp/hard/crtend.o

.igot.plt       0x22000060        0x0 load address 0x020000a0
 .igot.plt      0x22000060        0x0 c:/program files (x86)/arm gnu toolchain arm-none-eabi/12.2 rel1/bin/../lib/gcc/arm-none-eabi/12.2.1/thumb/v8-m.main+dp/hard/crtbegin.o

__ram_noinit_nocache$$
                0x22000060        0x0 load address 0x020000a0
                0x22000060                __ram_noinit_nocache$$Base = .
 *(.ram_noinit_nocache)
                0x22000060                __ram_noinit_nocache$$Limit = .

__ram_zero_nocache$$
                0x22000060        0x0 load address 0x020000a0
                0x22000060                __ram_zero_nocache$$Base = .
 *(.ram_nocache)
                0x22000060                . = ALIGN (0x20)
                0x22000060                __ram_zero_nocache$$Limit = .

__ram_noinit$$  0x22000060      0x42c load address 0x020000a0
                0x22000060                __ram_noinit$$Base = .
 *(.bss.g_heap)
 *(.bss.g_main_stack)
 .bss.g_main_stack
                0x22000060      0x400 ./ra/fsp/src/bsp/cmsis/Device/RENESAS/Source/startup.o
                0x22000060                g_main_stack
 *(.ram_noinit)
 .ram_noinit    0x22000460       0x2c ./ra/fsp/src/bsp/mcu/all/bsp_clocks.o
 *(.noinit)
                0x2200048c                __ram_noinit$$Limit = .

__ram_zero$$    0x22000490      0xa88 load address 0x020000a0
                0x22000490                __ram_zero$$Base = .
 *(.ram)
 *(.bss*)
 .bss.completed.1
                0x22000490        0x1 c:/program files (x86)/arm gnu toolchain arm-none-eabi/12.2 rel1/bin/../lib/gcc/arm-none-eabi/12.2.1/thumb/v8-m.main+dp/hard/crtbegin.o
 *fill*         0x22000491        0x3 
 .bss.object.0  0x22000494       0x18 c:/program files (x86)/arm gnu toolchain arm-none-eabi/12.2 rel1/bin/../lib/gcc/arm-none-eabi/12.2.1/thumb/v8-m.main+dp/hard/crtbegin.o
 .bss.g_current_game_state
                0x220004ac       0x18 ./src/app_common.o
                0x220004ac                g_current_game_state
 .bss.g_sensor_data_queue_buffer
                0x220004c4       0x10 ./src/app_common.o
                0x220004c4                g_sensor_data_queue_buffer
 .bss.g_ioport_ctrl
                0x220004d4        0x8 ./ra_gen/common_data.o
                0x220004d4                g_ioport_ctrl
 .bss.g_data_processing_thread
                0x220004dc        0x4 ./ra_gen/g_data_processing_thread.o
                0x220004dc                g_data_processing_thread
 .bss.g_data_processing_thread_memory
                0x220004e0       0x60 ./ra_gen/g_data_processing_thread.o
 .bss.g_graphics_update_thread
                0x22000540        0x4 ./ra_gen/g_graphics_update_thread.o
                0x22000540                g_graphics_update_thread
 .bss.g_graphics_update_thread_memory
                0x22000544       0x60 ./ra_gen/g_graphics_update_thread.o
 .bss.g_sensor_acquisition_thread
                0x220005a4        0x4 ./ra_gen/g_sensor_acquisition_thread.o
                0x220005a4                g_sensor_acquisition_thread
 .bss.g_sensor_acquisition_thread_memory
                0x220005a8       0x60 ./ra_gen/g_sensor_acquisition_thread.o
 .bss.uxTimerTaskStack.3
                0x22000608      0x200 ./ra_gen/main.o
 .bss.xTimerTaskTCB.2
                0x22000808       0x60 ./ra_gen/main.o
 .bss.uxIdleTaskStack.1
                0x22000868      0x200 ./ra_gen/main.o
 .bss.xIdleTaskTCB.0
                0x22000a68       0x60 ./ra_gen/main.o
 .bss.g_fsp_common_initialized_semaphore_memory
                0x22000ac8       0x48 ./ra_gen/main.o
                0x22000ac8                g_fsp_common_initialized_semaphore_memory
 .bss.g_fsp_common_initialized_semaphore
                0x22000b10        0x4 ./ra_gen/main.o
                0x22000b10                g_fsp_common_initialized_semaphore
 .bss.g_fsp_common_initialized
                0x22000b14        0x1 ./ra_gen/main.o
                0x22000b14                g_fsp_common_initialized
 *fill*         0x22000b15        0x3 
 .bss.g_fsp_common_thread_count
                0x22000b18        0x4 ./ra_gen/main.o
                0x22000b18                g_fsp_common_thread_count
 .bss.g_mask_level_before_disable
                0x22000b1c        0x4 ./ra/fsp/src/rm_freertos_port/port.o
 .bss.uxCriticalNesting
                0x22000b20        0x4 ./ra/fsp/src/rm_freertos_port/port.o
 *fill*         0x22000b24        0x4 
 .bss.g_bsp_group_irq_sources
                0x22000b28       0x40 ./ra/fsp/src/bsp/mcu/all/bsp_group_irq.o
                0x22000b28                g_bsp_group_irq_sources
 .bss.g_protect_pfswe_counter
                0x22000b68        0x4 ./ra/fsp/src/bsp/mcu/all/bsp_io.o
                0x22000b68                g_protect_pfswe_counter
 .bss.g_protect_counters
                0x22000b6c        0x8 ./ra/fsp/src/bsp/mcu/all/bsp_register_protection.o
                0x22000b6c                g_protect_counters
 .bss.SystemCoreClock
                0x22000b74        0x4 ./ra/fsp/src/bsp/cmsis/Device/RENESAS/Source/system.o
                0x22000b74                SystemCoreClock
 .bss.xQueueRegistry
                0x22000b78       0x50 ./ra/aws/FreeRTOS/FreeRTOS/Source/queue.o
                0x22000b78                xQueueRegistry
 .bss.uxSchedulerSuspended
                0x22000bc8        0x4 ./ra/aws/FreeRTOS/FreeRTOS/Source/tasks.o
 .bss.xIdleTaskHandles
                0x22000bcc        0x4 ./ra/aws/FreeRTOS/FreeRTOS/Source/tasks.o
 .bss.xNextTaskUnblockTime
                0x22000bd0        0x4 ./ra/aws/FreeRTOS/FreeRTOS/Source/tasks.o
 .bss.uxTaskNumber
                0x22000bd4        0x4 ./ra/aws/FreeRTOS/FreeRTOS/Source/tasks.o
 .bss.xNumOfOverflows
                0x22000bd8        0x4 ./ra/aws/FreeRTOS/FreeRTOS/Source/tasks.o
 .bss.xYieldPendings
                0x22000bdc        0x4 ./ra/aws/FreeRTOS/FreeRTOS/Source/tasks.o
 .bss.xPendedTicks
                0x22000be0        0x4 ./ra/aws/FreeRTOS/FreeRTOS/Source/tasks.o
 .bss.xSchedulerRunning
                0x22000be4        0x4 ./ra/aws/FreeRTOS/FreeRTOS/Source/tasks.o
 .bss.uxTopReadyPriority
                0x22000be8        0x4 ./ra/aws/FreeRTOS/FreeRTOS/Source/tasks.o
 .bss.xTickCount
                0x22000bec        0x4 ./ra/aws/FreeRTOS/FreeRTOS/Source/tasks.o
 .bss.uxCurrentNumberOfTasks
                0x22000bf0        0x4 ./ra/aws/FreeRTOS/FreeRTOS/Source/tasks.o
 .bss.xSuspendedTaskList
                0x22000bf4       0x14 ./ra/aws/FreeRTOS/FreeRTOS/Source/tasks.o
 .bss.uxDeletedTasksWaitingCleanUp
                0x22000c08        0x4 ./ra/aws/FreeRTOS/FreeRTOS/Source/tasks.o
 .bss.xTasksWaitingTermination
                0x22000c0c       0x14 ./ra/aws/FreeRTOS/FreeRTOS/Source/tasks.o
 .bss.xPendingReadyList
                0x22000c20       0x14 ./ra/aws/FreeRTOS/FreeRTOS/Source/tasks.o
 .bss.pxOverflowDelayedTaskList
                0x22000c34        0x4 ./ra/aws/FreeRTOS/FreeRTOS/Source/tasks.o
 .bss.pxDelayedTaskList
                0x22000c38        0x4 ./ra/aws/FreeRTOS/FreeRTOS/Source/tasks.o
 .bss.xDelayedTaskList2
                0x22000c3c       0x14 ./ra/aws/FreeRTOS/FreeRTOS/Source/tasks.o
 .bss.xDelayedTaskList1
                0x22000c50       0x14 ./ra/aws/FreeRTOS/FreeRTOS/Source/tasks.o
 .bss.pxReadyTasksLists
                0x22000c64       0x64 ./ra/aws/FreeRTOS/FreeRTOS/Source/tasks.o
 .bss.pxCurrentTCB
                0x22000cc8        0x4 ./ra/aws/FreeRTOS/FreeRTOS/Source/tasks.o
                0x22000cc8                pxCurrentTCB
 .bss.xStaticTimerQueue.14
                0x22000ccc       0x48 ./ra/aws/FreeRTOS/FreeRTOS/Source/timers.o
 *fill*         0x22000d14        0x4 
 .bss.ucStaticTimerQueueStorage.15
                0x22000d18       0x78 ./ra/aws/FreeRTOS/FreeRTOS/Source/timers.o
 .bss.xLastTime.17
                0x22000d90        0x4 ./ra/aws/FreeRTOS/FreeRTOS/Source/timers.o
 .bss.xTimerTaskHandle
                0x22000d94        0x4 ./ra/aws/FreeRTOS/FreeRTOS/Source/timers.o
 .bss.xTimerQueue
                0x22000d98        0x4 ./ra/aws/FreeRTOS/FreeRTOS/Source/timers.o
 .bss.pxOverflowTimerList
                0x22000d9c        0x4 ./ra/aws/FreeRTOS/FreeRTOS/Source/timers.o
 .bss.pxCurrentTimerList
                0x22000da0        0x4 ./ra/aws/FreeRTOS/FreeRTOS/Source/timers.o
 .bss.xActiveTimerList2
                0x22000da4       0x14 ./ra/aws/FreeRTOS/FreeRTOS/Source/timers.o
 .bss.xActiveTimerList1
                0x22000db8       0x14 ./ra/aws/FreeRTOS/FreeRTOS/Source/timers.o
 .bss.__sf      0x22000dcc      0x138 c:/program files (x86)/arm gnu toolchain arm-none-eabi/12.2 rel1/bin/../lib/gcc/arm-none-eabi/12.2.1/thumb/v8-m.main+dp/hard\libg_nano.a(libc_a-findfp.o)
                0x22000dcc                __sf
 .bss.__stdio_exit_handler
                0x22000f04        0x4 c:/program files (x86)/arm gnu toolchain arm-none-eabi/12.2 rel1/bin/../lib/gcc/arm-none-eabi/12.2.1/thumb/v8-m.main+dp/hard\libg_nano.a(libc_a-findfp.o)
                0x22000f04                __stdio_exit_handler
 .bss.errno     0x22000f08        0x4 c:/program files (x86)/arm gnu toolchain arm-none-eabi/12.2 rel1/bin/../lib/gcc/arm-none-eabi/12.2.1/thumb/v8-m.main+dp/hard\libg_nano.a(libc_a-reent.o)
                0x22000f08                errno
 .bss.__lock___malloc_recursive_mutex
                0x22000f0c        0x1 c:/program files (x86)/arm gnu toolchain arm-none-eabi/12.2 rel1/bin/../lib/gcc/arm-none-eabi/12.2.1/thumb/v8-m.main+dp/hard\libg_nano.a(libc_a-lock.o)
                0x22000f0c                __lock___malloc_recursive_mutex
 .bss.__lock___sfp_recursive_mutex
                0x22000f0d        0x1 c:/program files (x86)/arm gnu toolchain arm-none-eabi/12.2 rel1/bin/../lib/gcc/arm-none-eabi/12.2.1/thumb/v8-m.main+dp/hard\libg_nano.a(libc_a-lock.o)
                0x22000f0d                __lock___sfp_recursive_mutex
 *fill*         0x22000f0e        0x2 
 .bss.__malloc_sbrk_start
                0x22000f10        0x4 c:/program files (x86)/arm gnu toolchain arm-none-eabi/12.2 rel1/bin/../lib/gcc/arm-none-eabi/12.2.1/thumb/v8-m.main+dp/hard\libg_nano.a(libc_a-mallocr.o)
                0x22000f10                __malloc_sbrk_start
 .bss.__malloc_free_list
                0x22000f14        0x4 c:/program files (x86)/arm gnu toolchain arm-none-eabi/12.2 rel1/bin/../lib/gcc/arm-none-eabi/12.2.1/thumb/v8-m.main+dp/hard\libg_nano.a(libc_a-mallocr.o)
                0x22000f14                __malloc_free_list
                0x22000f18                __ram_zero$$Limit = .

__ram_thread_stack$$
                0x22000f18     0x1000 load address 0x020000a0
                0x22000f18                __ram_thread_stack$$Base = .
 *(.stack?*)
 .stack.g_data_processing_thread
                0x22000f18      0x400 ./ra_gen/g_data_processing_thread.o
 .stack.g_graphics_update_thread
                0x22001318      0x800 ./ra_gen/g_graphics_update_thread.o
 .stack.g_sensor_acquisition_thread
                0x22001b18      0x400 ./ra_gen/g_sensor_acquisition_thread.o
                0x22001f18                __ram_thread_stack$$Limit = .

.ram.endof      0x22002000        0x0
                0x22002000                __ddsc_RAM_END = .

.ram.flat_nsc   0x22002000        0x0
                0x22002000                __sau_ddsc_RAM_NSC = .

__flash_readonly$$
                0x020000a0     0x45fc
                0x020000a0                __flash_readonly$$Base = .
 *(.flash)
 *(.flash_code)
 *(.text*)
 .text.deregister_tm_clones
                0x020000a0       0x1c c:/program files (x86)/arm gnu toolchain arm-none-eabi/12.2 rel1/bin/../lib/gcc/arm-none-eabi/12.2.1/thumb/v8-m.main+dp/hard/crtbegin.o
 .text.register_tm_clones
                0x020000bc       0x28 c:/program files (x86)/arm gnu toolchain arm-none-eabi/12.2 rel1/bin/../lib/gcc/arm-none-eabi/12.2.1/thumb/v8-m.main+dp/hard/crtbegin.o
 .text.__do_global_dtors_aux
                0x020000e4       0x28 c:/program files (x86)/arm gnu toolchain arm-none-eabi/12.2 rel1/bin/../lib/gcc/arm-none-eabi/12.2.1/thumb/v8-m.main+dp/hard/crtbegin.o
 .text.frame_dummy
                0x0200010c       0x24 c:/program files (x86)/arm gnu toolchain arm-none-eabi/12.2 rel1/bin/../lib/gcc/arm-none-eabi/12.2.1/thumb/v8-m.main+dp/hard/crtbegin.o
 .text.simulate_adc_read
                0x02000130       0x24 ./src/app_common.o
                0x02000130                simulate_adc_read
 .text.lvgl_draw_game_screen
                0x02000154        0x4 ./src/app_common.o
                0x02000154                lvgl_draw_game_screen
 .text.lvgl_trigger_visual_feedback
                0x02000158        0xc ./src/app_common.o
                0x02000158                lvgl_trigger_visual_feedback
 .text.g_data_processing_thread_entry
                0x02000164       0x8c ./src/g_data_processing_thread_entry.o
                0x02000164                g_data_processing_thread_entry
 .text.g_graphics_update_thread_entry
                0x020001f0       0x44 ./src/g_graphics_update_thread_entry.o
                0x020001f0                g_graphics_update_thread_entry
 .text.g_sensor_acquisition_thread_entry
                0x02000234       0x50 ./src/g_sensor_acquisition_thread_entry.o
                0x02000234                g_sensor_acquisition_thread_entry
 .text.R_BSP_WarmStart
                0x02000284       0x18 ./src/hal_entry.o
                0x02000284                R_BSP_WarmStart
 .text.g_common_init
                0x0200029c        0x4 ./ra_gen/common_data.o
                0x0200029c                g_common_init
 .text.g_data_processing_thread_func
                0x020002a0       0x14 ./ra_gen/g_data_processing_thread.o
 .text.g_data_processing_thread_create
                0x020002b4       0x58 ./ra_gen/g_data_processing_thread.o
                0x020002b4                g_data_processing_thread_create
 .text.g_graphics_update_thread_func
                0x0200030c       0x14 ./ra_gen/g_graphics_update_thread.o
 .text.g_graphics_update_thread_create
                0x02000320       0x58 ./ra_gen/g_graphics_update_thread.o
                0x02000320                g_graphics_update_thread_create
 .text.g_sensor_acquisition_thread_func
                0x02000378       0x14 ./ra_gen/g_sensor_acquisition_thread.o
 .text.g_sensor_acquisition_thread_create
                0x0200038c       0x58 ./ra_gen/g_sensor_acquisition_thread.o
                0x0200038c                g_sensor_acquisition_thread_create
 .text.g_hal_init
                0x020003e4        0x4 ./ra_gen/hal_data.o
                0x020003e4                g_hal_init
 .text.rtos_startup_err_callback_internal
                0x020003e8        0x4 ./ra_gen/main.o
                0x020003e8                rtos_startup_err_callback
                0x020003e8                rtos_startup_err_callback_internal
 .text.rtos_startup_common_init
                0x020003ec       0x68 ./ra_gen/main.o
                0x020003ec                rtos_startup_common_init
 .text.startup.main
                0x02000454       0x50 ./ra_gen/main.o
                0x02000454                main
 .text.vApplicationGetIdleTaskMemory
                0x020004a4       0x1c ./ra_gen/main.o
                0x020004a4                vApplicationGetIdleTaskMemory
 .text.vApplicationGetTimerTaskMemory
                0x020004c0       0x1c ./ra_gen/main.o
                0x020004c0                vApplicationGetTimerTaskMemory
 .text.prvTaskExitError
                0x020004dc        0x4 ./ra/fsp/src/rm_freertos_port/port.o
 .text.SVC_Handler
                0x020004e0       0x18 ./ra/fsp/src/rm_freertos_port/port.o
                0x020004e0                SVC_Handler
 .text.PendSV_Handler
                0x020004f8       0x44 ./ra/fsp/src/rm_freertos_port/port.o
                0x020004f8                PendSV_Handler
 .text.rm_freertos_port_restore_task_stackless
                0x0200053c       0x24 ./ra/fsp/src/rm_freertos_port/port.o
                0x0200053c                rm_freertos_port_restore_task_stackless
 .text.SysTick_Handler
                0x02000560       0x24 ./ra/fsp/src/rm_freertos_port/port.o
                0x02000560                SysTick_Handler
 .text.vPortSVCHandler_C
                0x02000584       0x34 ./ra/fsp/src/rm_freertos_port/port.o
                0x02000584                vPortSVCHandler_C
 .text.pxPortInitialiseStack
                0x020005b8       0x2c ./ra/fsp/src/rm_freertos_port/port.o
                0x020005b8                pxPortInitialiseStack
 .text.vPortEnterCritical
                0x020005e4       0x50 ./ra/fsp/src/rm_freertos_port/port.o
                0x020005e4                vPortEnterCritical
 .text.vPortExitCritical
                0x02000634       0x3c ./ra/fsp/src/rm_freertos_port/port.o
                0x02000634                vPortExitCritical
 .text.vApplicationIdleHook
                0x02000670       0x3c ./ra/fsp/src/rm_freertos_port/port.o
                0x02000670                vApplicationIdleHook
 .text.vPortSetupTimerInterrupt
                0x020006ac       0x44 ./ra/fsp/src/rm_freertos_port/port.o
                0x020006ac                vPortSetupTimerInterrupt
 .text.xPortStartScheduler
                0x020006f0       0x3c ./ra/fsp/src/rm_freertos_port/port.o
                0x020006f0                xPortStartScheduler
 .text.bsp_vbatt_init
                0x0200072c       0xf4 ./ra/fsp/src/r_ioport/r_ioport.o
 .text.r_ioport_pins_config
                0x02000820       0xb4 ./ra/fsp/src/r_ioport/r_ioport.o
 .text.R_IOPORT_Open
                0x020008d4       0x14 ./ra/fsp/src/r_ioport/r_ioport.o
                0x020008d4                R_IOPORT_Open
 .text.SystemCoreClockUpdate
                0x020008e8       0x84 ./ra/fsp/src/bsp/mcu/all/bsp_clocks.o
                0x020008e8                SystemCoreClockUpdate
 .text.R_BSP_SubClockStabilizeWaitAfterReset
                0x0200096c        0x4 ./ra/fsp/src/bsp/mcu/all/bsp_clocks.o
                0x0200096c                R_BSP_SubClockStabilizeWaitAfterReset
 .text.bsp_clock_init
                0x02000970      0x150 ./ra/fsp/src/bsp/mcu/all/bsp_clocks.o
                0x02000970                bsp_clock_init
 .text.R_BSP_Init_RTC
                0x02000ac0       0xb0 ./ra/fsp/src/bsp/mcu/all/bsp_clocks.o
                0x02000ac0                R_BSP_Init_RTC
 .text.__assert_func
                0x02000b70        0x4 ./ra/fsp/src/bsp/mcu/all/bsp_common.o
                0x02000b70                __assert_func
 *fill*         0x02000b74        0x4 
 .text.bsp_prv_software_delay_loop
                0x02000b78        0xc ./ra/fsp/src/bsp/mcu/all/bsp_delay.o
                0x02000b78                bsp_prv_software_delay_loop
 .text.R_BSP_SoftwareDelay
                0x02000b84       0x88 ./ra/fsp/src/bsp/mcu/all/bsp_delay.o
                0x02000b84                R_BSP_SoftwareDelay
 .text.NMI_Handler
                0x02000c0c       0x44 ./ra/fsp/src/bsp/mcu/all/bsp_group_irq.o
                0x02000c0c                NMI_Handler
 .text.bsp_irq_cfg
                0x02000c50       0x18 ./ra/fsp/src/bsp/mcu/all/bsp_irq.o
                0x02000c50                bsp_irq_cfg
 .text.R_BSP_RegisterProtectEnable
                0x02000c68       0x60 ./ra/fsp/src/bsp/mcu/all/bsp_register_protection.o
                0x02000c68                R_BSP_RegisterProtectEnable
 .text.R_BSP_RegisterProtectDisable
                0x02000cc8       0x54 ./ra/fsp/src/bsp/mcu/all/bsp_register_protection.o
                0x02000cc8                R_BSP_RegisterProtectDisable
 .text._sbrk    0x02000d1c       0x14 ./ra/fsp/src/bsp/mcu/all/bsp_sbrk.o
                0x02000d1c                _sbrk
 .text.Default_Handler
                0x02000d30        0x4 ./ra/fsp/src/bsp/cmsis/Device/RENESAS/Source/startup.o
                0x02000d30                HardFault_Handler
                0x02000d30                UsageFault_Handler
                0x02000d30                SecureFault_Handler
                0x02000d30                Default_Handler
                0x02000d30                MemManage_Handler
                0x02000d30                BusFault_Handler
                0x02000d30                DebugMon_Handler
 .text.Reset_Handler
                0x02000d34        0xc ./ra/fsp/src/bsp/cmsis/Device/RENESAS/Source/startup.o
                0x02000d34                Reset_Handler
 .text.SystemRuntimeInit
                0x02000d40       0x64 ./ra/fsp/src/bsp/cmsis/Device/RENESAS/Source/system.o
 *fill*         0x02000da4        0x4 
 .text.SystemInit
                0x02000da8      0x1ec ./ra/fsp/src/bsp/cmsis/Device/RENESAS/Source/system.o
                0x02000da8                SystemInit
 .text.bsp_init
                0x02000f94        0x4 ./ra/board/ra8d1_ek/board_init.o
                0x02000f94                bsp_init
 .text.vListInitialise
                0x02000f98       0x18 ./ra/aws/FreeRTOS/FreeRTOS/Source/list.o
                0x02000f98                vListInitialise
 .text.vListInitialiseItem
                0x02000fb0        0x8 ./ra/aws/FreeRTOS/FreeRTOS/Source/list.o
                0x02000fb0                vListInitialiseItem
 .text.vListInsertEnd
                0x02000fb8       0x18 ./ra/aws/FreeRTOS/FreeRTOS/Source/list.o
                0x02000fb8                vListInsertEnd
 .text.vListInsert
                0x02000fd0       0x30 ./ra/aws/FreeRTOS/FreeRTOS/Source/list.o
                0x02000fd0                vListInsert
 .text.uxListRemove
                0x02001000       0x24 ./ra/aws/FreeRTOS/FreeRTOS/Source/list.o
                0x02001000                uxListRemove
 .text.prvCopyDataToQueue
                0x02001024       0x60 ./ra/aws/FreeRTOS/FreeRTOS/Source/queue.o
 .text.prvUnlockQueue
                0x02001084       0x8c ./ra/aws/FreeRTOS/FreeRTOS/Source/queue.o
 .text.xQueueGenericReset
                0x02001110       0xbc ./ra/aws/FreeRTOS/FreeRTOS/Source/queue.o
                0x02001110                xQueueGenericReset
 .text.xQueueGenericCreateStatic
                0x020011cc       0x80 ./ra/aws/FreeRTOS/FreeRTOS/Source/queue.o
                0x020011cc                xQueueGenericCreateStatic
 .text.xQueueCreateCountingSemaphoreStatic
                0x0200124c       0x78 ./ra/aws/FreeRTOS/FreeRTOS/Source/queue.o
                0x0200124c                xQueueCreateCountingSemaphoreStatic
 .text.xQueueGenericSend
                0x020012c4      0x1a0 ./ra/aws/FreeRTOS/FreeRTOS/Source/queue.o
                0x020012c4                xQueueGenericSend
 .text.xQueueReceive
                0x02001464      0x184 ./ra/aws/FreeRTOS/FreeRTOS/Source/queue.o
                0x02001464                xQueueReceive
 .text.xQueueSemaphoreTake
                0x020015e8      0x160 ./ra/aws/FreeRTOS/FreeRTOS/Source/queue.o
                0x020015e8                xQueueSemaphoreTake
 .text.vQueueAddToRegistry
                0x02001748       0x6c ./ra/aws/FreeRTOS/FreeRTOS/Source/queue.o
                0x02001748                vQueueAddToRegistry
 .text.vQueueWaitForMessageRestricted
                0x020017b4       0x50 ./ra/aws/FreeRTOS/FreeRTOS/Source/queue.o
                0x020017b4                vQueueWaitForMessageRestricted
 .text.prvAddCurrentTaskToDelayedList
                0x02001804       0x98 ./ra/aws/FreeRTOS/FreeRTOS/Source/tasks.o
 .text.prvIdleTask
                0x0200189c       0x64 ./ra/aws/FreeRTOS/FreeRTOS/Source/tasks.o
 .text.xTaskIncrementTick.part.0
                0x02001900      0x19c ./ra/aws/FreeRTOS/FreeRTOS/Source/tasks.o
 .text.xTaskCreateStatic
                0x02001a9c      0x224 ./ra/aws/FreeRTOS/FreeRTOS/Source/tasks.o
                0x02001a9c                xTaskCreateStatic
 .text.vTaskStartScheduler
                0x02001cc0       0x9c ./ra/aws/FreeRTOS/FreeRTOS/Source/tasks.o
                0x02001cc0                vTaskStartScheduler
 .text.vTaskSuspendAll
                0x02001d5c       0x10 ./ra/aws/FreeRTOS/FreeRTOS/Source/tasks.o
                0x02001d5c                vTaskSuspendAll
 .text.xTaskResumeAll
                0x02001d6c      0x1c0 ./ra/aws/FreeRTOS/FreeRTOS/Source/tasks.o
                0x02001d6c                xTaskResumeAll
 .text.vTaskDelay
                0x02001f2c       0x54 ./ra/aws/FreeRTOS/FreeRTOS/Source/tasks.o
                0x02001f2c                vTaskDelay
 .text.xTaskGetTickCount
                0x02001f80        0xc ./ra/aws/FreeRTOS/FreeRTOS/Source/tasks.o
                0x02001f80                xTaskGetTickCount
 .text.xTaskIncrementTick
                0x02001f8c       0x20 ./ra/aws/FreeRTOS/FreeRTOS/Source/tasks.o
                0x02001f8c                xTaskIncrementTick
 .text.vTaskSwitchContext
                0x02001fac       0x98 ./ra/aws/FreeRTOS/FreeRTOS/Source/tasks.o
                0x02001fac                vTaskSwitchContext
 .text.vTaskSuspend
                0x02002044       0xe4 ./ra/aws/FreeRTOS/FreeRTOS/Source/tasks.o
                0x02002044                vTaskSuspend
 .text.vTaskPlaceOnEventList
                0x02002128       0x3c ./ra/aws/FreeRTOS/FreeRTOS/Source/tasks.o
                0x02002128                vTaskPlaceOnEventList
 .text.vTaskPlaceOnEventListRestricted
                0x02002164       0x64 ./ra/aws/FreeRTOS/FreeRTOS/Source/tasks.o
                0x02002164                vTaskPlaceOnEventListRestricted
 .text.xTaskRemoveFromEventList
                0x020021c8       0xf4 ./ra/aws/FreeRTOS/FreeRTOS/Source/tasks.o
                0x020021c8                xTaskRemoveFromEventList
 .text.vTaskInternalSetTimeOutState
                0x020022bc       0x18 ./ra/aws/FreeRTOS/FreeRTOS/Source/tasks.o
                0x020022bc                vTaskInternalSetTimeOutState
 .text.xTaskCheckForTimeOut
                0x020022d4       0x90 ./ra/aws/FreeRTOS/FreeRTOS/Source/tasks.o
                0x020022d4                xTaskCheckForTimeOut
 .text.vTaskMissedYield
                0x02002364        0xc ./ra/aws/FreeRTOS/FreeRTOS/Source/tasks.o
                0x02002364                vTaskMissedYield
 .text.xTaskGetSchedulerState
                0x02002370       0x20 ./ra/aws/FreeRTOS/FreeRTOS/Source/tasks.o
                0x02002370                xTaskGetSchedulerState
 .text.prvCheckForValidListAndQueue
                0x02002390       0x70 ./ra/aws/FreeRTOS/FreeRTOS/Source/timers.o
 .text.prvProcessExpiredTimer
                0x02002400       0x90 ./ra/aws/FreeRTOS/FreeRTOS/Source/timers.o
 .text.prvTimerTask
                0x02002490      0x24c ./ra/aws/FreeRTOS/FreeRTOS/Source/timers.o
 .text.xTimerCreateTimerTask
                0x020026dc       0x6c ./ra/aws/FreeRTOS/FreeRTOS/Source/timers.o
                0x020026dc                xTimerCreateTimerTask
 .text.rand     0x02002748       0x7c c:/program files (x86)/arm gnu toolchain arm-none-eabi/12.2 rel1/bin/../lib/gcc/arm-none-eabi/12.2.1/thumb/v8-m.main+dp/hard\libg_nano.a(libc_a-rand.o)
                0x02002748                rand
 .text.std      0x020027c4       0x6c c:/program files (x86)/arm gnu toolchain arm-none-eabi/12.2 rel1/bin/../lib/gcc/arm-none-eabi/12.2.1/thumb/v8-m.main+dp/hard\libg_nano.a(libc_a-findfp.o)
 .text.stdio_exit_handler
                0x02002830       0x18 c:/program files (x86)/arm gnu toolchain arm-none-eabi/12.2 rel1/bin/../lib/gcc/arm-none-eabi/12.2.1/thumb/v8-m.main+dp/hard\libg_nano.a(libc_a-findfp.o)
 .text.cleanup_stdio
                0x02002848       0x40 c:/program files (x86)/arm gnu toolchain arm-none-eabi/12.2 rel1/bin/../lib/gcc/arm-none-eabi/12.2.1/thumb/v8-m.main+dp/hard\libg_nano.a(libc_a-findfp.o)
 .text.global_stdio_init.part.0
                0x02002888       0x3c c:/program files (x86)/arm gnu toolchain arm-none-eabi/12.2 rel1/bin/../lib/gcc/arm-none-eabi/12.2.1/thumb/v8-m.main+dp/hard\libg_nano.a(libc_a-findfp.o)
 .text.__sfp_lock_acquire
                0x020028c4        0xc c:/program files (x86)/arm gnu toolchain arm-none-eabi/12.2 rel1/bin/../lib/gcc/arm-none-eabi/12.2.1/thumb/v8-m.main+dp/hard\libg_nano.a(libc_a-findfp.o)
                0x020028c4                __sfp_lock_acquire
 .text.__sfp_lock_release
                0x020028d0        0xc c:/program files (x86)/arm gnu toolchain arm-none-eabi/12.2 rel1/bin/../lib/gcc/arm-none-eabi/12.2.1/thumb/v8-m.main+dp/hard\libg_nano.a(libc_a-findfp.o)
                0x020028d0                __sfp_lock_release
 .text.__sinit  0x020028dc       0x30 c:/program files (x86)/arm gnu toolchain arm-none-eabi/12.2 rel1/bin/../lib/gcc/arm-none-eabi/12.2.1/thumb/v8-m.main+dp/hard\libg_nano.a(libc_a-findfp.o)
                0x020028dc                __sinit
 .text._fwalk_sglue
                0x0200290c       0x3c c:/program files (x86)/arm gnu toolchain arm-none-eabi/12.2 rel1/bin/../lib/gcc/arm-none-eabi/12.2.1/thumb/v8-m.main+dp/hard\libg_nano.a(libc_a-fwalk.o)
                0x0200290c                _fwalk_sglue
 .text.printf   0x02002948       0x24 c:/program files (x86)/arm gnu toolchain arm-none-eabi/12.2 rel1/bin/../lib/gcc/arm-none-eabi/12.2.1/thumb/v8-m.main+dp/hard\libg_nano.a(libc_a-printf.o)
                0x02002948                iprintf
                0x02002948                printf
 .text._puts_r  0x0200296c       0xaa c:/program files (x86)/arm gnu toolchain arm-none-eabi/12.2 rel1/bin/../lib/gcc/arm-none-eabi/12.2.1/thumb/v8-m.main+dp/hard\libg_nano.a(libc_a-puts.o)
                0x0200296c                _puts_r
 *fill*         0x02002a16        0x2 
 .text.puts     0x02002a18       0x10 c:/program files (x86)/arm gnu toolchain arm-none-eabi/12.2 rel1/bin/../lib/gcc/arm-none-eabi/12.2.1/thumb/v8-m.main+dp/hard\libg_nano.a(libc_a-puts.o)
                0x02002a18                puts
 .text.__sread  0x02002a28       0x22 c:/program files (x86)/arm gnu toolchain arm-none-eabi/12.2 rel1/bin/../lib/gcc/arm-none-eabi/12.2.1/thumb/v8-m.main+dp/hard\libg_nano.a(libc_a-stdio.o)
                0x02002a28                __sread
 .text.__swrite
                0x02002a4a       0x38 c:/program files (x86)/arm gnu toolchain arm-none-eabi/12.2 rel1/bin/../lib/gcc/arm-none-eabi/12.2.1/thumb/v8-m.main+dp/hard\libg_nano.a(libc_a-stdio.o)
                0x02002a4a                __swrite
 .text.__sseek  0x02002a82       0x24 c:/program files (x86)/arm gnu toolchain arm-none-eabi/12.2 rel1/bin/../lib/gcc/arm-none-eabi/12.2.1/thumb/v8-m.main+dp/hard\libg_nano.a(libc_a-stdio.o)
                0x02002a82                __sseek
 .text.__sclose
                0x02002aa6        0x8 c:/program files (x86)/arm gnu toolchain arm-none-eabi/12.2 rel1/bin/../lib/gcc/arm-none-eabi/12.2.1/thumb/v8-m.main+dp/hard\libg_nano.a(libc_a-stdio.o)
                0x02002aa6                __sclose
 .text.__swbuf_r
                0x02002aae       0x7c c:/program files (x86)/arm gnu toolchain arm-none-eabi/12.2 rel1/bin/../lib/gcc/arm-none-eabi/12.2.1/thumb/v8-m.main+dp/hard\libg_nano.a(libc_a-wbuf.o)
                0x02002aae                __swbuf_r
 *fill*         0x02002b2a        0x2 
 .text.__swsetup_r
                0x02002b2c       0xac c:/program files (x86)/arm gnu toolchain arm-none-eabi/12.2 rel1/bin/../lib/gcc/arm-none-eabi/12.2.1/thumb/v8-m.main+dp/hard\libg_nano.a(libc_a-wsetup.o)
                0x02002b2c                __swsetup_r
 .text.memset   0x02002bd8       0x10 c:/program files (x86)/arm gnu toolchain arm-none-eabi/12.2 rel1/bin/../lib/gcc/arm-none-eabi/12.2.1/thumb/v8-m.main+dp/hard\libg_nano.a(libc_a-memset.o)
                0x02002bd8                memset
 .text._close_r
                0x02002be8       0x20 c:/program files (x86)/arm gnu toolchain arm-none-eabi/12.2 rel1/bin/../lib/gcc/arm-none-eabi/12.2.1/thumb/v8-m.main+dp/hard\libg_nano.a(libc_a-closer.o)
                0x02002be8                _close_r
 .text._lseek_r
                0x02002c08       0x24 c:/program files (x86)/arm gnu toolchain arm-none-eabi/12.2 rel1/bin/../lib/gcc/arm-none-eabi/12.2.1/thumb/v8-m.main+dp/hard\libg_nano.a(libc_a-lseekr.o)
                0x02002c08                _lseek_r
 .text._read_r  0x02002c2c       0x24 c:/program files (x86)/arm gnu toolchain arm-none-eabi/12.2 rel1/bin/../lib/gcc/arm-none-eabi/12.2.1/thumb/v8-m.main+dp/hard\libg_nano.a(libc_a-readr.o)
                0x02002c2c                _read_r
 .text._write_r
                0x02002c50       0x24 c:/program files (x86)/arm gnu toolchain arm-none-eabi/12.2 rel1/bin/../lib/gcc/arm-none-eabi/12.2.1/thumb/v8-m.main+dp/hard\libg_nano.a(libc_a-writer.o)
                0x02002c50                _write_r
 .text.__errno  0x02002c74        0xc c:/program files (x86)/arm gnu toolchain arm-none-eabi/12.2 rel1/bin/../lib/gcc/arm-none-eabi/12.2.1/thumb/v8-m.main+dp/hard\libg_nano.a(libc_a-errno.o)
                0x02002c74                __errno
 .text.__retarget_lock_init_recursive
                0x02002c80        0x2 c:/program files (x86)/arm gnu toolchain arm-none-eabi/12.2 rel1/bin/../lib/gcc/arm-none-eabi/12.2.1/thumb/v8-m.main+dp/hard\libg_nano.a(libc_a-lock.o)
                0x02002c80                __retarget_lock_init_recursive
 .text.__retarget_lock_acquire_recursive
                0x02002c82        0x2 c:/program files (x86)/arm gnu toolchain arm-none-eabi/12.2 rel1/bin/../lib/gcc/arm-none-eabi/12.2.1/thumb/v8-m.main+dp/hard\libg_nano.a(libc_a-lock.o)
                0x02002c82                __retarget_lock_acquire_recursive
 .text.__retarget_lock_release_recursive
                0x02002c84        0x2 c:/program files (x86)/arm gnu toolchain arm-none-eabi/12.2 rel1/bin/../lib/gcc/arm-none-eabi/12.2.1/thumb/v8-m.main+dp/hard\libg_nano.a(libc_a-lock.o)
                0x02002c84                __retarget_lock_release_recursive
 .text.memcpy   0x02002c86       0x1a c:/program files (x86)/arm gnu toolchain arm-none-eabi/12.2 rel1/bin/../lib/gcc/arm-none-eabi/12.2.1/thumb/v8-m.main+dp/hard\libg_nano.a(libc_a-memcpy-stub.o)
                0x02002c86                memcpy
 .text._free_r  0x02002ca0       0x94 c:/program files (x86)/arm gnu toolchain arm-none-eabi/12.2 rel1/bin/../lib/gcc/arm-none-eabi/12.2.1/thumb/v8-m.main+dp/hard\libg_nano.a(libc_a-freer.o)
                0x02002ca0                _free_r
 .text.malloc   0x02002d34       0x10 c:/program files (x86)/arm gnu toolchain arm-none-eabi/12.2 rel1/bin/../lib/gcc/arm-none-eabi/12.2.1/thumb/v8-m.main+dp/hard\libg_nano.a(libc_a-malloc.o)
                0x02002d34                malloc
 .text.sbrk_aligned
                0x02002d44       0x44 c:/program files (x86)/arm gnu toolchain arm-none-eabi/12.2 rel1/bin/../lib/gcc/arm-none-eabi/12.2.1/thumb/v8-m.main+dp/hard\libg_nano.a(libc_a-mallocr.o)
 .text._malloc_r
                0x02002d88       0xf0 c:/program files (x86)/arm gnu toolchain arm-none-eabi/12.2 rel1/bin/../lib/gcc/arm-none-eabi/12.2.1/thumb/v8-m.main+dp/hard\libg_nano.a(libc_a-mallocr.o)
                0x02002d88                _malloc_r
 .text.__malloc_lock
                0x02002e78        0xc c:/program files (x86)/arm gnu toolchain arm-none-eabi/12.2 rel1/bin/../lib/gcc/arm-none-eabi/12.2.1/thumb/v8-m.main+dp/hard\libg_nano.a(libc_a-mlock.o)
                0x02002e78                __malloc_lock
 .text.__malloc_unlock
                0x02002e84        0xc c:/program files (x86)/arm gnu toolchain arm-none-eabi/12.2 rel1/bin/../lib/gcc/arm-none-eabi/12.2.1/thumb/v8-m.main+dp/hard\libg_nano.a(libc_a-mlock.o)
                0x02002e84                __malloc_unlock
 .text.__sfputc_r
                0x02002e90       0x2e c:/program files (x86)/arm gnu toolchain arm-none-eabi/12.2 rel1/bin/../lib/gcc/arm-none-eabi/12.2.1/thumb/v8-m.main+dp/hard\libg_nano.a(libc_a-nano-vfprintf.o)
 .text.__sfputs_r
                0x02002ebe       0x24 c:/program files (x86)/arm gnu toolchain arm-none-eabi/12.2 rel1/bin/../lib/gcc/arm-none-eabi/12.2.1/thumb/v8-m.main+dp/hard\libg_nano.a(libc_a-nano-vfprintf.o)
                0x02002ebe                __sfputs_r
 *fill*         0x02002ee2        0x2 
 .text._vfprintf_r
                0x02002ee4      0x230 c:/program files (x86)/arm gnu toolchain arm-none-eabi/12.2 rel1/bin/../lib/gcc/arm-none-eabi/12.2.1/thumb/v8-m.main+dp/hard\libg_nano.a(libc_a-nano-vfprintf.o)
                0x02002ee4                _vfprintf_r
                0x02002ee4                _vfiprintf_r
 .text._printf_common
                0x02003114       0xe4 c:/program files (x86)/arm gnu toolchain arm-none-eabi/12.2 rel1/bin/../lib/gcc/arm-none-eabi/12.2.1/thumb/v8-m.main+dp/hard\libg_nano.a(libc_a-nano-vfprintf_i.o)
                0x02003114                _printf_common
 .text._printf_i
                0x020031f8      0x258 c:/program files (x86)/arm gnu toolchain arm-none-eabi/12.2 rel1/bin/../lib/gcc/arm-none-eabi/12.2.1/thumb/v8-m.main+dp/hard\libg_nano.a(libc_a-nano-vfprintf_i.o)
                0x020031f8                _printf_i
 .text.__sflush_r
                0x02003450      0x106 c:/program files (x86)/arm gnu toolchain arm-none-eabi/12.2 rel1/bin/../lib/gcc/arm-none-eabi/12.2.1/thumb/v8-m.main+dp/hard\libg_nano.a(libc_a-fflush.o)
                0x02003450                __sflush_r
 .text._fflush_r
                0x02003556       0x50 c:/program files (x86)/arm gnu toolchain arm-none-eabi/12.2 rel1/bin/../lib/gcc/arm-none-eabi/12.2.1/thumb/v8-m.main+dp/hard\libg_nano.a(libc_a-fflush.o)
                0x02003556                _fflush_r
 .text.__swhatbuf_r
                0x020035a6       0x4a c:/program files (x86)/arm gnu toolchain arm-none-eabi/12.2 rel1/bin/../lib/gcc/arm-none-eabi/12.2.1/thumb/v8-m.main+dp/hard\libg_nano.a(libc_a-makebuf.o)
                0x020035a6                __swhatbuf_r
 .text.__smakebuf_r
                0x020035f0       0x78 c:/program files (x86)/arm gnu toolchain arm-none-eabi/12.2 rel1/bin/../lib/gcc/arm-none-eabi/12.2.1/thumb/v8-m.main+dp/hard\libg_nano.a(libc_a-makebuf.o)
                0x020035f0                __smakebuf_r
 .text._fstat_r
                0x02003668       0x24 c:/program files (x86)/arm gnu toolchain arm-none-eabi/12.2 rel1/bin/../lib/gcc/arm-none-eabi/12.2.1/thumb/v8-m.main+dp/hard\libg_nano.a(libc_a-fstatr.o)
                0x02003668                _fstat_r
 .text._isatty_r
                0x0200368c       0x20 c:/program files (x86)/arm gnu toolchain arm-none-eabi/12.2 rel1/bin/../lib/gcc/arm-none-eabi/12.2.1/thumb/v8-m.main+dp/hard\libg_nano.a(libc_a-isattyr.o)
                0x0200368c                _isatty_r
 .text._sbrk_r  0x020036ac       0x20 c:/program files (x86)/arm gnu toolchain arm-none-eabi/12.2 rel1/bin/../lib/gcc/arm-none-eabi/12.2.1/thumb/v8-m.main+dp/hard\libg_nano.a(libc_a-sbrkr.o)
                0x020036ac                _sbrk_r
 .text.memchr   0x020036cc       0x1c c:/program files (x86)/arm gnu toolchain arm-none-eabi/12.2 rel1/bin/../lib/gcc/arm-none-eabi/12.2.1/thumb/v8-m.main+dp/hard\libg_nano.a(libc_a-memchr-stub.o)
                0x020036cc                memchr
 *(.rodata*)
 .rodata.lvgl_trigger_visual_feedback.str1.4
                0x020036e8       0x3c ./src/app_common.o
 .rodata.g_data_processing_thread_entry.str1.4
                0x02003724       0x2c ./src/g_data_processing_thread_entry.o
 .rodata.g_graphics_update_thread_entry.str1.4
                0x02003750       0x24 ./src/g_graphics_update_thread_entry.o
 .rodata.g_data_processing_thread_create.str1.4
                0x02003774       0x19 ./ra_gen/g_data_processing_thread.o
 *fill*         0x0200378d        0x3 
 .rodata.g_data_processing_thread_parameters
                0x02003790        0x4 ./ra_gen/g_data_processing_thread.o
                0x02003790                g_data_processing_thread_parameters
 .rodata.g_graphics_update_thread_create.str1.4
                0x02003794       0x19 ./ra_gen/g_graphics_update_thread.o
 *fill*         0x020037ad        0x3 
 .rodata.g_graphics_update_thread_parameters
                0x020037b0        0x4 ./ra_gen/g_graphics_update_thread.o
                0x020037b0                g_graphics_update_thread_parameters
 .rodata.g_sensor_acquisition_thread_create.str1.4
                0x020037b4       0x1c ./ra_gen/g_sensor_acquisition_thread.o
 .rodata.g_sensor_acquisition_thread_parameters
                0x020037d0        0x4 ./ra_gen/g_sensor_acquisition_thread.o
                0x020037d0                g_sensor_acquisition_thread_parameters
 .rodata.g_bsp_pin_cfg
                0x020037d4        0xc ./ra_gen/pin_data.o
                0x020037d4                g_bsp_pin_cfg
 .rodata.g_bsp_pin_cfg_data
                0x020037e0      0x4a0 ./ra_gen/pin_data.o
                0x020037e0                g_bsp_pin_cfg_data
 .rodata.vPortSVCHandler_C.str1.4
                0x02003c80       0x3a ./ra/fsp/src/rm_freertos_port/port.o
 *fill*         0x02003cba        0x2 
 .rodata.vPortEnterCritical.str1.4
                0x02003cbc       0x46 ./ra/fsp/src/rm_freertos_port/port.o
 *fill*         0x02003d02        0x2 
 .rodata.vPortExitCritical.str1.4
                0x02003d04       0x12 ./ra/fsp/src/rm_freertos_port/port.o
 *fill*         0x02003d16        0x2 
 .rodata.__func__.1
                0x02003d18       0x12 ./ra/fsp/src/rm_freertos_port/port.o
 *fill*         0x02003d2a        0x2 
 .rodata.__func__.2
                0x02003d2c       0x13 ./ra/fsp/src/rm_freertos_port/port.o
 *fill*         0x02003d3f        0x1 
 .rodata.__func__.3
                0x02003d40       0x12 ./ra/fsp/src/rm_freertos_port/port.o
 *fill*         0x02003d52        0x2 
 .rodata.g_vbatt_pins_input
                0x02003d54        0x6 ./ra/fsp/src/r_ioport/r_ioport.o
 *fill*         0x02003d5a        0x2 
 .rodata.g_init_info
                0x02003d5c       0x18 ./ra/fsp/src/bsp/mcu/ra8d1/bsp_linker.o
                0x02003d5c                g_init_info
 .rodata.nocache_list
                0x02003d74       0x18 ./ra/fsp/src/bsp/mcu/ra8d1/bsp_linker.o
 .rodata.copy_list
                0x02003d8c       0xf0 ./ra/fsp/src/bsp/mcu/ra8d1/bsp_linker.o
 .rodata.zero_list
                0x02003e7c       0x60 ./ra/fsp/src/bsp/mcu/ra8d1/bsp_linker.o
 .rodata.g_interrupt_event_link_select
                0x02003edc        0x2 ./ra/fsp/src/bsp/mcu/all/bsp_irq.o
                0x02003edc                g_interrupt_event_link_select
 *fill*         0x02003ede        0x2 
 .rodata.g_prcr_masks
                0x02003ee0        0x8 ./ra/fsp/src/bsp/mcu/all/bsp_register_protection.o
 .rodata.vQueueUnregisterQueue.part.0.str1.4
                0x02003ee8       0x33 ./ra/aws/FreeRTOS/FreeRTOS/Source/queue.o
 *fill*         0x02003f1b        0x1 
 .rodata.xQueueGenericReset.str1.4
                0x02003f1c       0x2c ./ra/aws/FreeRTOS/FreeRTOS/Source/queue.o
 .rodata.xQueueGenericCreateStatic.str1.4
                0x02003f48       0x37 ./ra/aws/FreeRTOS/FreeRTOS/Source/queue.o
 *fill*         0x02003f7f        0x1 
 .rodata.xQueueCreateCountingSemaphoreStatic.str1.4
                0x02003f80        0x8 ./ra/aws/FreeRTOS/FreeRTOS/Source/queue.o
 .rodata.xQueueGenericSend.str1.4
                0x02003f88       0xfb ./ra/aws/FreeRTOS/FreeRTOS/Source/queue.o
 *fill*         0x02004083        0x1 
 .rodata.xQueueGiveFromISR.str1.4
                0x02004084       0x7d ./ra/aws/FreeRTOS/FreeRTOS/Source/queue.o
 *fill*         0x02004101        0x3 
 .rodata.xQueueReceive.str1.4
                0x02004104       0x66 ./ra/aws/FreeRTOS/FreeRTOS/Source/queue.o
 *fill*         0x0200416a        0x2 
 .rodata.__func__.2
                0x0200416c       0x14 ./ra/aws/FreeRTOS/FreeRTOS/Source/queue.o
 .rodata.__func__.12
                0x02004180       0x14 ./ra/aws/FreeRTOS/FreeRTOS/Source/queue.o
 .rodata.__func__.13
                0x02004194        0xe ./ra/aws/FreeRTOS/FreeRTOS/Source/queue.o
 *fill*         0x020041a2        0x2 
 .rodata.__func__.16
                0x020041a4       0x12 ./ra/aws/FreeRTOS/FreeRTOS/Source/queue.o
 *fill*         0x020041b6        0x2 
 .rodata.__func__.17
                0x020041b8       0x24 ./ra/aws/FreeRTOS/FreeRTOS/Source/queue.o
 .rodata.__func__.19
                0x020041dc       0x1a ./ra/aws/FreeRTOS/FreeRTOS/Source/queue.o
 *fill*         0x020041f6        0x2 
 .rodata.__func__.20
                0x020041f8       0x13 ./ra/aws/FreeRTOS/FreeRTOS/Source/queue.o
 *fill*         0x0200420b        0x1 
 .rodata.prvTaskIsTaskSuspended.part.0.str1.4
                0x0200420c       0x33 ./ra/aws/FreeRTOS/FreeRTOS/Source/tasks.o
 *fill*         0x0200423f        0x1 
 .rodata.xTaskIncrementTick.part.0.str1.4
                0x02004240       0x76 ./ra/aws/FreeRTOS/FreeRTOS/Source/tasks.o
 *fill*         0x020042b6        0x2 
 .rodata.xTaskCreateStatic.str1.4
                0x020042b8       0x69 ./ra/aws/FreeRTOS/FreeRTOS/Source/tasks.o
 *fill*         0x02004321        0x3 
 .rodata.vTaskDelete.str1.4
                0x02004324       0x1a ./ra/aws/FreeRTOS/FreeRTOS/Source/tasks.o
 *fill*         0x0200433e        0x2 
 .rodata.vTaskStartScheduler.str1.4
                0x02004340       0x12 ./ra/aws/FreeRTOS/FreeRTOS/Source/tasks.o
 *fill*         0x02004352        0x2 
 .rodata.xTaskResumeAll.str1.4
                0x02004354       0x1b ./ra/aws/FreeRTOS/FreeRTOS/Source/tasks.o
 *fill*         0x0200436f        0x1 
 .rodata.xTaskDelayUntil.str1.4
                0x02004370       0x47 ./ra/aws/FreeRTOS/FreeRTOS/Source/tasks.o
 *fill*         0x020043b7        0x1 
 .rodata.vTaskSwitchContext.str1.4
                0x020043b8        0xe ./ra/aws/FreeRTOS/FreeRTOS/Source/tasks.o
 *fill*         0x020043c6        0x2 
 .rodata.vTaskPlaceOnEventList.str1.4
                0x020043c8        0xc ./ra/aws/FreeRTOS/FreeRTOS/Source/tasks.o
 .rodata.xTaskRemoveFromEventList.str1.4
                0x020043d4        0xf ./ra/aws/FreeRTOS/FreeRTOS/Source/tasks.o
 *fill*         0x020043e3        0x1 
 .rodata.vTaskSetTimeOutState.str1.4
                0x020043e4        0xa ./ra/aws/FreeRTOS/FreeRTOS/Source/tasks.o
 *fill*         0x020043ee        0x2 
 .rodata.xTaskCheckForTimeOut.str1.4
                0x020043f0        0xe ./ra/aws/FreeRTOS/FreeRTOS/Source/tasks.o
 *fill*         0x020043fe        0x2 
 .rodata.__func__.8
                0x02004400       0x15 ./ra/aws/FreeRTOS/FreeRTOS/Source/tasks.o
 *fill*         0x02004415        0x3 
 .rodata.__func__.11
                0x02004418       0x19 ./ra/aws/FreeRTOS/FreeRTOS/Source/tasks.o
 *fill*         0x02004431        0x3 
 .rodata.__func__.12
                0x02004434       0x20 ./ra/aws/FreeRTOS/FreeRTOS/Source/tasks.o
 .rodata.__func__.14
                0x02004454       0x16 ./ra/aws/FreeRTOS/FreeRTOS/Source/tasks.o
 *fill*         0x0200446a        0x2 
 .rodata.__func__.15
                0x0200446c       0x13 ./ra/aws/FreeRTOS/FreeRTOS/Source/tasks.o
 *fill*         0x0200447f        0x1 
 .rodata.__func__.16
                0x02004480       0x13 ./ra/aws/FreeRTOS/FreeRTOS/Source/tasks.o
 *fill*         0x02004493        0x1 
 .rodata.__func__.20
                0x02004494        0xf ./ra/aws/FreeRTOS/FreeRTOS/Source/tasks.o
 *fill*         0x020044a3        0x1 
 .rodata.__func__.21
                0x020044a4       0x14 ./ra/aws/FreeRTOS/FreeRTOS/Source/tasks.o
 .rodata.__func__.25
                0x020044b8        0xd ./ra/aws/FreeRTOS/FreeRTOS/Source/tasks.o
 *fill*         0x020044c5        0x3 
 .rodata.__func__.27
                0x020044c8        0xb ./ra/aws/FreeRTOS/FreeRTOS/Source/tasks.o
 *fill*         0x020044d3        0x1 
 .rodata.__func__.30
                0x020044d4       0x15 ./ra/aws/FreeRTOS/FreeRTOS/Source/tasks.o
 *fill*         0x020044e9        0x3 
 .rodata.__func__.31
                0x020044ec       0x14 ./ra/aws/FreeRTOS/FreeRTOS/Source/tasks.o
 .rodata.prvCheckForValidListAndQueue.str1.4
                0x02004500        0x5 ./ra/aws/FreeRTOS/FreeRTOS/Source/timers.o
 *fill*         0x02004505        0x3 
 .rodata.xTimerGetReloadMode.part.0.str1.4
                0x02004508       0x34 ./ra/aws/FreeRTOS/FreeRTOS/Source/timers.o
 .rodata.prvTimerTask.str1.4
                0x0200453c       0x25 ./ra/aws/FreeRTOS/FreeRTOS/Source/timers.o
 *fill*         0x02004561        0x3 
 .rodata.xTimerCreateTimerTask.str1.4
                0x02004564       0x10 ./ra/aws/FreeRTOS/FreeRTOS/Source/timers.o
 .rodata.__func__.16
                0x02004574       0x1b ./ra/aws/FreeRTOS/FreeRTOS/Source/timers.o
 *fill*         0x0200458f        0x1 
 .rodata.__func__.18
                0x02004590       0x16 ./ra/aws/FreeRTOS/FreeRTOS/Source/timers.o
 .rodata.srand.str1.1
                0x020045a6       0x70 c:/program files (x86)/arm gnu toolchain arm-none-eabi/12.2 rel1/bin/../lib/gcc/arm-none-eabi/12.2.1/thumb/v8-m.main+dp/hard\libg_nano.a(libc_a-rand.o)
 .rodata._vfprintf_r.str1.1
                0x02004616       0x11 c:/program files (x86)/arm gnu toolchain arm-none-eabi/12.2 rel1/bin/../lib/gcc/arm-none-eabi/12.2.1/thumb/v8-m.main+dp/hard\libg_nano.a(libc_a-nano-vfprintf.o)
 .rodata._printf_i.str1.1
                0x02004627       0x22 c:/program files (x86)/arm gnu toolchain arm-none-eabi/12.2 rel1/bin/../lib/gcc/arm-none-eabi/12.2.1/thumb/v8-m.main+dp/hard\libg_nano.a(libc_a-nano-vfprintf_i.o)
 *(.mcuboot_sce9_key)
 *(.version)
 *fill*         0x02004649        0x3 
 .version       0x0200464c       0x50 ./ra/fsp/src/bsp/mcu/all/bsp_common.o
                0x0200469c                __flash_readonly$$Limit = .

.glue_7         0x0200469c        0x0
 .glue_7        0x0200469c        0x0 linker stubs

.glue_7t        0x0200469c        0x0
 .glue_7t       0x0200469c        0x0 linker stubs

.vfp11_veneer   0x0200469c        0x0
 .vfp11_veneer  0x0200469c        0x0 linker stubs

.v4_bx          0x0200469c        0x0
 .v4_bx         0x0200469c        0x0 linker stubs

.init           0x0200469c        0x4
 .init          0x0200469c        0x4 c:/program files (x86)/arm gnu toolchain arm-none-eabi/12.2 rel1/bin/../lib/gcc/arm-none-eabi/12.2.1/thumb/v8-m.main+dp/hard/crti.o
                0x0200469c                _init

.fini           0x020046a0        0x4
 .fini          0x020046a0        0x4 c:/program files (x86)/arm gnu toolchain arm-none-eabi/12.2 rel1/bin/../lib/gcc/arm-none-eabi/12.2.1/thumb/v8-m.main+dp/hard/crti.o
                0x020046a0                _fini

.iplt           0x020046a4        0x0
 .iplt          0x020046a4        0x0 c:/program files (x86)/arm gnu toolchain arm-none-eabi/12.2 rel1/bin/../lib/gcc/arm-none-eabi/12.2.1/thumb/v8-m.main+dp/hard/crtbegin.o

__flash_ctor$$
 *crtbegin.o(.ctors)
 *crtbegin?.o(.ctors)
 EXCLUDE_FILE(*crtend.o *crtend?.o) *(.ctors)
 *(SORT_BY_NAME(.ctors.*))
 *(.ctors)
 *crtbegin.o(.dtors)
 *crtbegin?.o(.dtors)
 EXCLUDE_FILE(*crtend.o *crtend?.o) *(.dtors)
 *(SORT_BY_NAME(.dtors.*))
 *(.dtors)

__flash_preinit_array$$
                0x020046a4        0x0
                0x020046a4                __preinit_array_start = .
 *(.preinit_array)
                0x020046a4                __preinit_array_end = .

__flash_.got$$
 *(.got.plt)
 *(.got)

__flash_init_array$$
                0x020046a4        0x4
                0x020046a4                __init_array_start = .
 *(SORT_BY_NAME(.init_array.*))
 *(.init_array)
 .init_array    0x020046a4        0x4 c:/program files (x86)/arm gnu toolchain arm-none-eabi/12.2 rel1/bin/../lib/gcc/arm-none-eabi/12.2.1/thumb/v8-m.main+dp/hard/crtbegin.o
                0x020046a8                __init_array_end = .

__flash_fini_array$$
                0x020046a8        0x4
                0x020046a8                __fini_array_start = .
 *(SORT_BY_NAME(.fini_array.*))
 *(.fini_array)
 .fini_array    0x020046a8        0x4 c:/program files (x86)/arm gnu toolchain arm-none-eabi/12.2 rel1/bin/../lib/gcc/arm-none-eabi/12.2.1/thumb/v8-m.main+dp/hard/crtbegin.o
                0x020046ac                __fini_array_end = .

/DISCARD/
 *(.ARM.extab*)
 *(.gnu.linkonce.armextab.*)
 *(.ARM.exidx*)
 *(.gnu.linkonce.armexidx.*)

__flash_arm.exidx$$
                0x020046ac        0x0
                0x020046ac                __exidx_start = .
                0x020046ac                __exidx_end = .

.flash.endof    0x02008000        0x0
                0x02008000                __ddsc_FLASH_END = .

.flash.flat_nsc
                0x02008000        0x0
                0x02008000                __sau_ddsc_FLASH_NSC = .

.option_setting_ofs0.startof
                0x0300a100        0x0
                0x0300a100                __ddsc_OPTION_SETTING_OFS0_START = .

__option_setting_ofs0_reg$$
                0x0300a100        0x4
                0x0300a100                __option_setting_ofs0_reg$$Base = .
 *(.option_setting_ofs0)
 .option_setting_ofs0
                0x0300a100        0x4 ./ra/fsp/src/bsp/mcu/ra8d1/bsp_linker.o
                0x0300a104                __option_setting_ofs0_reg$$Limit = .

.option_setting_ofs0.endof
                0x0300a104        0x0
                0x0300a104                __ddsc_OPTION_SETTING_OFS0_END = .

.option_setting_ofs2.startof
                0x0300a104        0x0
                0x0300a104                __ddsc_OPTION_SETTING_OFS2_START = .

__option_setting_ofs2_reg$$
                0x0300a104        0x4
                0x0300a104                __option_setting_ofs2_reg$$Base = .
 *(.option_setting_ofs2)
 .option_setting_ofs2
                0x0300a104        0x4 ./ra/fsp/src/bsp/mcu/ra8d1/bsp_linker.o
                0x0300a108                __option_setting_ofs2_reg$$Limit = .

.option_setting_ofs2.endof
                0x0300a108        0x0
                0x0300a108                __ddsc_OPTION_SETTING_OFS2_END = .

.option_setting_dualsel.startof
                0x0300a110        0x0
                0x0300a110                __ddsc_OPTION_SETTING_DUALSEL_START = .

__option_setting_dualsel_reg$$
                0x0300a110        0x0
                0x0300a110                __option_setting_dualsel_reg$$Base = .
 *(.option_setting_dualsel)
                0x0300a110                __option_setting_dualsel_reg$$Limit = .

.option_setting_dualsel.endof
                0x0300a110        0x0
                0x0300a110                __ddsc_OPTION_SETTING_DUALSEL_END = .

.option_setting_ofs1.startof
                0x1300a180        0x0
                0x1300a180                __ddsc_OPTION_SETTING_OFS1_START = .

__option_setting_ofs1_reg$$
                0x1300a180        0x0
                0x1300a180                __option_setting_ofs1_reg$$Base = .
 *(.option_setting_ofs1)
                0x1300a180                __option_setting_ofs1_reg$$Limit = .

.option_setting_ofs1.endof
                0x1300a180        0x0
                0x1300a180                __ddsc_OPTION_SETTING_OFS1_END = .

.option_setting_banksel.startof
                0x1300a190        0x0
                0x1300a190                __ddsc_OPTION_SETTING_BANKSEL_START = .

__option_setting_banksel_reg$$
                0x1300a190        0x0
                0x1300a190                __option_setting_banksel_reg$$Base = .
 *(.option_setting_banksel)
                0x1300a190                __option_setting_banksel_reg$$Limit = .

.option_setting_banksel.endof
                0x1300a190        0x0
                0x1300a190                __ddsc_OPTION_SETTING_BANKSEL_END = .

.option_setting_bps.startof
                0x1300a1c0        0x0
                0x1300a1c0                __ddsc_OPTION_SETTING_BPS_START = .

__option_setting_bps_reg$$
                0x1300a1c0        0x0
                0x1300a1c0                __option_setting_bps_reg$$Base = .
 *(.option_setting_bps)
                0x1300a1c0                __option_setting_bps_reg$$Limit = .

.option_setting_bps.endof
                0x1300a1c0        0x0
                0x1300a1c0                __ddsc_OPTION_SETTING_BPS_END = .

.option_setting_pbps.startof
                0x1300a1e0        0x0
                0x1300a1e0                __ddsc_OPTION_SETTING_PBPS_START = .

__option_setting_pbps_reg$$
                0x1300a1e0        0x0
                0x1300a1e0                __option_setting_pbps_reg$$Base = .
 *(.option_setting_pbps)
                0x1300a1e0                __option_setting_pbps_reg$$Limit = .

.option_setting_pbps.endof
                0x1300a1e0        0x0
                0x1300a1e0                __ddsc_OPTION_SETTING_PBPS_END = .

.option_setting_ofs1_sec.startof
                0x0300a200        0x0
                0x0300a200                __ddsc_OPTION_SETTING_OFS1_SEC_START = .

__option_setting_ofs1_sec_reg$$
                0x0300a200        0x4
                0x0300a200                __option_setting_ofs1_sec_reg$$Base = .
 *(.option_setting_ofs1_sec)
 .option_setting_ofs1_sec
                0x0300a200        0x4 ./ra/fsp/src/bsp/mcu/ra8d1/bsp_linker.o
                0x0300a204                __option_setting_ofs1_sec_reg$$Limit = .

.option_setting_ofs1_sec.endof
                0x0300a204        0x0
                0x0300a204                __ddsc_OPTION_SETTING_OFS1_SEC_END = .

.option_setting_banksel_sec.startof
                0x0300a210        0x0
                0x0300a210                __ddsc_OPTION_SETTING_BANKSEL_SEC_START = .

__option_setting_banksel_sec_reg$$
                0x0300a210        0x0
                0x0300a210                __option_setting_banksel_sec_reg$$Base = .
 *(.option_setting_banksel_sec)
                0x0300a210                __option_setting_banksel_sec_reg$$Limit = .

.option_setting_banksel_sec.endof
                0x0300a210        0x0
                0x0300a210                __ddsc_OPTION_SETTING_BANKSEL_SEC_END = .

.option_setting_bps_sec.startof
                0x0300a240        0x0
                0x0300a240                __ddsc_OPTION_SETTING_BPS_SEC_START = .

__option_setting_bps_sec_reg$$
                0x0300a240        0x0
                0x0300a240                __option_setting_bps_sec_reg$$Base = .
 *(.option_setting_bps_sec)
                0x0300a240                __option_setting_bps_sec_reg$$Limit = .

.option_setting_bps_sec.endof
                0x0300a240        0x0
                0x0300a240                __ddsc_OPTION_SETTING_BPS_SEC_END = .

.option_setting_pbps_sec.startof
                0x0300a260        0x0
                0x0300a260                __ddsc_OPTION_SETTING_PBPS_SEC_START = .

__option_setting_pbps_sec_reg$$
                0x0300a260        0x0
                0x0300a260                __option_setting_pbps_sec_reg$$Base = .
 *(.option_setting_pbps_sec)
                0x0300a260                __option_setting_pbps_sec_reg$$Limit = .

.option_setting_pbps_sec.endof
                0x0300a260        0x0
                0x0300a260                __ddsc_OPTION_SETTING_PBPS_SEC_END = .

.option_setting_ofs1_sel.startof
                0x0300a280        0x0
                0x0300a280                __ddsc_OPTION_SETTING_OFS1_SEL_START = .

__option_setting_ofs1_sel_reg$$
                0x0300a280        0x4
                0x0300a280                __option_setting_ofs1_sel_reg$$Base = .
 *(.option_setting_ofs1_sel)
 .option_setting_ofs1_sel
                0x0300a280        0x4 ./ra/fsp/src/bsp/mcu/ra8d1/bsp_linker.o
                0x0300a284                __option_setting_ofs1_sel_reg$$Limit = .

.eh_frame       0x0300a284        0x0
 .eh_frame      0x0300a284        0x0 c:/program files (x86)/arm gnu toolchain arm-none-eabi/12.2 rel1/bin/../lib/gcc/arm-none-eabi/12.2.1/thumb/v8-m.main+dp/hard/crtbegin.o

.rel.dyn        0x0300a284        0x0
 .rel.iplt      0x0300a284        0x0 c:/program files (x86)/arm gnu toolchain arm-none-eabi/12.2 rel1/bin/../lib/gcc/arm-none-eabi/12.2.1/thumb/v8-m.main+dp/hard/crtbegin.o

.option_setting_ofs1_sel.endof
                0x0300a284        0x0
                0x0300a284                __ddsc_OPTION_SETTING_OFS1_SEL_END = .

.option_setting_banksel_sel.startof
                0x0300a290        0x0
                0x0300a290                __ddsc_OPTION_SETTING_BANKSEL_SEL_START = .

__option_setting_banksel_sel_reg$$
                0x0300a290        0x0
                0x0300a290                __option_setting_banksel_sel_reg$$Base = .
 *(.option_setting_banksel_sel)
                0x0300a290                __option_setting_banksel_sel_reg$$Limit = .

.option_setting_banksel_sel.endof
                0x0300a290        0x0
                0x0300a290                __ddsc_OPTION_SETTING_BANKSEL_SEL_END = .

.option_setting_bps_sel.startof
                0x0300a2c0        0x0
                0x0300a2c0                __ddsc_OPTION_SETTING_BPS_SEL_START = .

__option_setting_bps_sel_reg$$
                0x0300a2c0        0x0
                0x0300a2c0                __option_setting_bps_sel_reg$$Base = .
 *(.option_setting_bps_sel)
                0x0300a2c0                __option_setting_bps_sel_reg$$Limit = .

.option_setting_bps_sel.endof
                0x0300a2c0        0x0
                0x0300a2c0                __ddsc_OPTION_SETTING_BPS_SEL_END = .
OUTPUT(RA8D1_Flex_Simulator_RTOS.elf elf32-littlearm)
LOAD linker stubs

.ARM.attributes
                0x00000000       0x3a
 .ARM.attributes
                0x00000000       0x24 c:/program files (x86)/arm gnu toolchain arm-none-eabi/12.2 rel1/bin/../lib/gcc/arm-none-eabi/12.2.1/thumb/v8-m.main+dp/hard/crti.o
 .ARM.attributes
                0x00000024       0x36 c:/program files (x86)/arm gnu toolchain arm-none-eabi/12.2 rel1/bin/../lib/gcc/arm-none-eabi/12.2.1/thumb/v8-m.main+dp/hard/crtbegin.o
 .ARM.attributes
                0x0000005a       0x3e ./src/app_common.o
 .ARM.attributes
                0x00000098       0x3e ./src/g_data_processing_thread_entry.o
 .ARM.attributes
                0x000000d6       0x3e ./src/g_graphics_update_thread_entry.o
 .ARM.attributes
                0x00000114       0x3e ./src/g_sensor_acquisition_thread_entry.o
 .ARM.attributes
                0x00000152       0x3e ./src/hal_entry.o
 .ARM.attributes
                0x00000190       0x3e ./ra_gen/common_data.o
 .ARM.attributes
                0x000001ce       0x3e ./ra_gen/g_data_processing_thread.o
 .ARM.attributes
                0x0000020c       0x3e ./ra_gen/g_graphics_update_thread.o
 .ARM.attributes
                0x0000024a       0x3e ./ra_gen/g_sensor_acquisition_thread.o
 .ARM.attributes
                0x00000288       0x3e ./ra_gen/hal_data.o
 .ARM.attributes
                0x000002c6       0x3e ./ra_gen/main.o
 .ARM.attributes
                0x00000304       0x3e ./ra_gen/pin_data.o
 .ARM.attributes
                0x00000342       0x3e ./ra/fsp/src/rm_freertos_port/port.o
 .ARM.attributes
                0x00000380       0x3e ./ra/fsp/src/r_ioport/r_ioport.o
 .ARM.attributes
                0x000003be       0x3e ./ra/fsp/src/bsp/mcu/ra8d1/bsp_linker.o
 .ARM.attributes
                0x000003fc       0x3e ./ra/fsp/src/bsp/mcu/all/bsp_clocks.o
 .ARM.attributes
                0x0000043a       0x3e ./ra/fsp/src/bsp/mcu/all/bsp_common.o
 .ARM.attributes
                0x00000478       0x3e ./ra/fsp/src/bsp/mcu/all/bsp_delay.o
 .ARM.attributes
                0x000004b6       0x3e ./ra/fsp/src/bsp/mcu/all/bsp_group_irq.o
 .ARM.attributes
                0x000004f4       0x3e ./ra/fsp/src/bsp/mcu/all/bsp_io.o
 .ARM.attributes
                0x00000532       0x3e ./ra/fsp/src/bsp/mcu/all/bsp_irq.o
 .ARM.attributes
                0x00000570       0x3e ./ra/fsp/src/bsp/mcu/all/bsp_register_protection.o
 .ARM.attributes
                0x000005ae       0x3e ./ra/fsp/src/bsp/mcu/all/bsp_sbrk.o
 .ARM.attributes
                0x000005ec       0x3e ./ra/fsp/src/bsp/cmsis/Device/RENESAS/Source/startup.o
 .ARM.attributes
                0x0000062a       0x3e ./ra/fsp/src/bsp/cmsis/Device/RENESAS/Source/system.o
 .ARM.attributes
                0x00000668       0x3e ./ra/board/ra8d1_ek/board_init.o
 .ARM.attributes
                0x000006a6       0x3e ./ra/aws/FreeRTOS/FreeRTOS/Source/list.o
 .ARM.attributes
                0x000006e4       0x3e ./ra/aws/FreeRTOS/FreeRTOS/Source/queue.o
 .ARM.attributes
                0x00000722       0x3e ./ra/aws/FreeRTOS/FreeRTOS/Source/tasks.o
 .ARM.attributes
                0x00000760       0x3e ./ra/aws/FreeRTOS/FreeRTOS/Source/timers.o
 .ARM.attributes
                0x0000079e       0x36 c:/program files (x86)/arm gnu toolchain arm-none-eabi/12.2 rel1/bin/../lib/gcc/arm-none-eabi/12.2.1/thumb/v8-m.main+dp/hard\libg_nano.a(libc_a-rand.o)
 .ARM.attributes
                0x000007d4       0x36 c:/program files (x86)/arm gnu toolchain arm-none-eabi/12.2 rel1/bin/../lib/gcc/arm-none-eabi/12.2.1/thumb/v8-m.main+dp/hard\libg_nano.a(libc_a-findfp.o)
 .ARM.attributes
                0x0000080a       0x36 c:/program files (x86)/arm gnu toolchain arm-none-eabi/12.2 rel1/bin/../lib/gcc/arm-none-eabi/12.2.1/thumb/v8-m.main+dp/hard\libg_nano.a(libc_a-fwalk.o)
 .ARM.attributes
                0x00000840       0x36 c:/program files (x86)/arm gnu toolchain arm-none-eabi/12.2 rel1/bin/../lib/gcc/arm-none-eabi/12.2.1/thumb/v8-m.main+dp/hard\libg_nano.a(libc_a-printf.o)
 .ARM.attributes
                0x00000876       0x36 c:/program files (x86)/arm gnu toolchain arm-none-eabi/12.2 rel1/bin/../lib/gcc/arm-none-eabi/12.2.1/thumb/v8-m.main+dp/hard\libg_nano.a(libc_a-puts.o)
 .ARM.attributes
                0x000008ac       0x36 c:/program files (x86)/arm gnu toolchain arm-none-eabi/12.2 rel1/bin/../lib/gcc/arm-none-eabi/12.2.1/thumb/v8-m.main+dp/hard\libg_nano.a(libc_a-stdio.o)
 .ARM.attributes
                0x000008e2       0x36 c:/program files (x86)/arm gnu toolchain arm-none-eabi/12.2 rel1/bin/../lib/gcc/arm-none-eabi/12.2.1/thumb/v8-m.main+dp/hard\libg_nano.a(libc_a-wbuf.o)
 .ARM.attributes
                0x00000918       0x36 c:/program files (x86)/arm gnu toolchain arm-none-eabi/12.2 rel1/bin/../lib/gcc/arm-none-eabi/12.2.1/thumb/v8-m.main+dp/hard\libg_nano.a(libc_a-wsetup.o)
 .ARM.attributes
                0x0000094e       0x36 c:/program files (x86)/arm gnu toolchain arm-none-eabi/12.2 rel1/bin/../lib/gcc/arm-none-eabi/12.2.1/thumb/v8-m.main+dp/hard\libg_nano.a(libc_a-memset.o)
 .ARM.attributes
                0x00000984       0x36 c:/program files (x86)/arm gnu toolchain arm-none-eabi/12.2 rel1/bin/../lib/gcc/arm-none-eabi/12.2.1/thumb/v8-m.main+dp/hard\libg_nano.a(libc_a-closer.o)
 .ARM.attributes
                0x000009ba       0x36 c:/program files (x86)/arm gnu toolchain arm-none-eabi/12.2 rel1/bin/../lib/gcc/arm-none-eabi/12.2.1/thumb/v8-m.main+dp/hard\libg_nano.a(libc_a-reent.o)
 .ARM.attributes
                0x000009f0       0x36 c:/program files (x86)/arm gnu toolchain arm-none-eabi/12.2 rel1/bin/../lib/gcc/arm-none-eabi/12.2.1/thumb/v8-m.main+dp/hard\libg_nano.a(libc_a-impure.o)
 .ARM.attributes
                0x00000a26       0x36 c:/program files (x86)/arm gnu toolchain arm-none-eabi/12.2 rel1/bin/../lib/gcc/arm-none-eabi/12.2.1/thumb/v8-m.main+dp/hard\libg_nano.a(libc_a-lseekr.o)
 .ARM.attributes
                0x00000a5c       0x36 c:/program files (x86)/arm gnu toolchain arm-none-eabi/12.2 rel1/bin/../lib/gcc/arm-none-eabi/12.2.1/thumb/v8-m.main+dp/hard\libg_nano.a(libc_a-readr.o)
 .ARM.attributes
                0x00000a92       0x36 c:/program files (x86)/arm gnu toolchain arm-none-eabi/12.2 rel1/bin/../lib/gcc/arm-none-eabi/12.2.1/thumb/v8-m.main+dp/hard\libg_nano.a(libc_a-writer.o)
 .ARM.attributes
                0x00000ac8       0x36 c:/program files (x86)/arm gnu toolchain arm-none-eabi/12.2 rel1/bin/../lib/gcc/arm-none-eabi/12.2.1/thumb/v8-m.main+dp/hard\libg_nano.a(libc_a-errno.o)
 .ARM.attributes
                0x00000afe       0x36 c:/program files (x86)/arm gnu toolchain arm-none-eabi/12.2 rel1/bin/../lib/gcc/arm-none-eabi/12.2.1/thumb/v8-m.main+dp/hard\libg_nano.a(libc_a-lock.o)
 .ARM.attributes
                0x00000b34       0x36 c:/program files (x86)/arm gnu toolchain arm-none-eabi/12.2 rel1/bin/../lib/gcc/arm-none-eabi/12.2.1/thumb/v8-m.main+dp/hard\libg_nano.a(libc_a-memcpy-stub.o)
 .ARM.attributes
                0x00000b6a       0x36 c:/program files (x86)/arm gnu toolchain arm-none-eabi/12.2 rel1/bin/../lib/gcc/arm-none-eabi/12.2.1/thumb/v8-m.main+dp/hard\libg_nano.a(libc_a-freer.o)
 .ARM.attributes
                0x00000ba0       0x36 c:/program files (x86)/arm gnu toolchain arm-none-eabi/12.2 rel1/bin/../lib/gcc/arm-none-eabi/12.2.1/thumb/v8-m.main+dp/hard\libg_nano.a(libc_a-malloc.o)
 .ARM.attributes
                0x00000bd6       0x36 c:/program files (x86)/arm gnu toolchain arm-none-eabi/12.2 rel1/bin/../lib/gcc/arm-none-eabi/12.2.1/thumb/v8-m.main+dp/hard\libg_nano.a(libc_a-mallocr.o)
 .ARM.attributes
                0x00000c0c       0x36 c:/program files (x86)/arm gnu toolchain arm-none-eabi/12.2 rel1/bin/../lib/gcc/arm-none-eabi/12.2.1/thumb/v8-m.main+dp/hard\libg_nano.a(libc_a-mlock.o)
 .ARM.attributes
                0x00000c42       0x36 c:/program files (x86)/arm gnu toolchain arm-none-eabi/12.2 rel1/bin/../lib/gcc/arm-none-eabi/12.2.1/thumb/v8-m.main+dp/hard\libg_nano.a(libc_a-nano-vfprintf.o)
 .ARM.attributes
                0x00000c78       0x36 c:/program files (x86)/arm gnu toolchain arm-none-eabi/12.2 rel1/bin/../lib/gcc/arm-none-eabi/12.2.1/thumb/v8-m.main+dp/hard\libg_nano.a(libc_a-nano-vfprintf_i.o)
 .ARM.attributes
                0x00000cae       0x36 c:/program files (x86)/arm gnu toolchain arm-none-eabi/12.2 rel1/bin/../lib/gcc/arm-none-eabi/12.2.1/thumb/v8-m.main+dp/hard\libg_nano.a(libc_a-fflush.o)
 .ARM.attributes
                0x00000ce4       0x36 c:/program files (x86)/arm gnu toolchain arm-none-eabi/12.2 rel1/bin/../lib/gcc/arm-none-eabi/12.2.1/thumb/v8-m.main+dp/hard\libg_nano.a(libc_a-makebuf.o)
 .ARM.attributes
                0x00000d1a       0x36 c:/program files (x86)/arm gnu toolchain arm-none-eabi/12.2 rel1/bin/../lib/gcc/arm-none-eabi/12.2.1/thumb/v8-m.main+dp/hard\libg_nano.a(libc_a-fstatr.o)
 .ARM.attributes
                0x00000d50       0x36 c:/program files (x86)/arm gnu toolchain arm-none-eabi/12.2 rel1/bin/../lib/gcc/arm-none-eabi/12.2.1/thumb/v8-m.main+dp/hard\libg_nano.a(libc_a-isattyr.o)
 .ARM.attributes
                0x00000d86       0x36 c:/program files (x86)/arm gnu toolchain arm-none-eabi/12.2 rel1/bin/../lib/gcc/arm-none-eabi/12.2.1/thumb/v8-m.main+dp/hard\libg_nano.a(libc_a-sbrkr.o)
 .ARM.attributes
                0x00000dbc       0x36 c:/program files (x86)/arm gnu toolchain arm-none-eabi/12.2 rel1/bin/../lib/gcc/arm-none-eabi/12.2.1/thumb/v8-m.main+dp/hard\libg_nano.a(libc_a-memchr-stub.o)
 .ARM.attributes
                0x00000df2       0x36 c:/program files (x86)/arm gnu toolchain arm-none-eabi/12.2 rel1/bin/../lib/gcc/arm-none-eabi/12.2.1/thumb/v8-m.main+dp/hard/crtend.o

.comment        0x00000000       0x45
 .comment       0x00000000       0x45 ./src/app_common.o
                                 0x46 (size before relaxing)
 .comment       0x00000045       0x46 ./src/g_data_processing_thread_entry.o
 .comment       0x00000045       0x46 ./src/g_graphics_update_thread_entry.o
 .comment       0x00000045       0x46 ./src/g_sensor_acquisition_thread_entry.o
 .comment       0x00000045       0x46 ./src/hal_entry.o
 .comment       0x00000045       0x46 ./ra_gen/common_data.o
 .comment       0x00000045       0x46 ./ra_gen/g_data_processing_thread.o
 .comment       0x00000045       0x46 ./ra_gen/g_graphics_update_thread.o
 .comment       0x00000045       0x46 ./ra_gen/g_sensor_acquisition_thread.o
 .comment       0x00000045       0x46 ./ra_gen/hal_data.o
 .comment       0x00000045       0x46 ./ra_gen/main.o
 .comment       0x00000045       0x46 ./ra_gen/pin_data.o
 .comment       0x00000045       0x46 ./ra/fsp/src/rm_freertos_port/port.o
 .comment       0x00000045       0x46 ./ra/fsp/src/r_ioport/r_ioport.o
 .comment       0x00000045       0x46 ./ra/fsp/src/bsp/mcu/ra8d1/bsp_linker.o
 .comment       0x00000045       0x46 ./ra/fsp/src/bsp/mcu/all/bsp_clocks.o
 .comment       0x00000045       0x46 ./ra/fsp/src/bsp/mcu/all/bsp_common.o
 .comment       0x00000045       0x46 ./ra/fsp/src/bsp/mcu/all/bsp_delay.o
 .comment       0x00000045       0x46 ./ra/fsp/src/bsp/mcu/all/bsp_group_irq.o
 .comment       0x00000045       0x46 ./ra/fsp/src/bsp/mcu/all/bsp_io.o
 .comment       0x00000045       0x46 ./ra/fsp/src/bsp/mcu/all/bsp_irq.o
 .comment       0x00000045       0x46 ./ra/fsp/src/bsp/mcu/all/bsp_register_protection.o
 .comment       0x00000045       0x46 ./ra/fsp/src/bsp/mcu/all/bsp_sbrk.o
 .comment       0x00000045       0x46 ./ra/fsp/src/bsp/cmsis/Device/RENESAS/Source/startup.o
 .comment       0x00000045       0x46 ./ra/fsp/src/bsp/cmsis/Device/RENESAS/Source/system.o
 .comment       0x00000045       0x46 ./ra/board/ra8d1_ek/board_init.o
 .comment       0x00000045       0x46 ./ra/aws/FreeRTOS/FreeRTOS/Source/list.o
 .comment       0x00000045       0x46 ./ra/aws/FreeRTOS/FreeRTOS/Source/queue.o
 .comment       0x00000045       0x46 ./ra/aws/FreeRTOS/FreeRTOS/Source/tasks.o